Component: ARM Compiler 5.06 update 7 (build 960) Tool: armlink [4d3601]

==============================================================================

Section Cross References

    startup_stm32f407xx.o(STACK) refers (Special) to heapauxi.o(.text) for __use_two_region_memory
    startup_stm32f407xx.o(HEAP) refers (Special) to heapauxi.o(.text) for __use_two_region_memory
    startup_stm32f407xx.o(RESET) refers (Special) to heapauxi.o(.text) for __use_two_region_memory
    startup_stm32f407xx.o(RESET) refers to startup_stm32f407xx.o(STACK) for __initial_sp
    startup_stm32f407xx.o(RESET) refers to startup_stm32f407xx.o(.text) for Reset_Handler
    startup_stm32f407xx.o(RESET) refers to usmart_port.o(i.TIM4_IRQHandler) for TIM4_IRQHandler
    startup_stm32f407xx.o(RESET) refers to usart.o(i.USART1_IRQHandler) for USART1_IRQHandler
    startup_stm32f407xx.o(RESET) refers to btim.o(i.TIM6_DAC_IRQHandler) for TIM6_DAC_IRQHandler
    startup_stm32f407xx.o(RESET) refers to dcmi.o(i.DMA2_Stream1_IRQHandler) for DMA2_Stream1_IRQHandler
    startup_stm32f407xx.o(RESET) refers to dcmi.o(i.DCMI_IRQHandler) for DCMI_IRQHandler
    startup_stm32f407xx.o(.text) refers (Special) to heapauxi.o(.text) for __use_two_region_memory
    startup_stm32f407xx.o(.text) refers to __main.o(!!!main) for __main
    startup_stm32f407xx.o(.text) refers to startup_stm32f407xx.o(HEAP) for Heap_Mem
    startup_stm32f407xx.o(.text) refers to startup_stm32f407xx.o(STACK) for Stack_Mem
    main.o(i.SensorGPIOConfig) refers to sys.o(i.sys_gpio_set) for sys_gpio_set
    main.o(i.SensorStatus) refers to sys.o(i.sys_gpio_pin_get) for sys_gpio_pin_get
    main.o(i.SensorStatus) refers to main.o(.data) for SensorFlag
    main.o(i.camera_new_pathname) refers to _printf_pad.o(.text) for _printf_pre_padding
    main.o(i.camera_new_pathname) refers to _printf_percent.o(.ARM.Collect$$_printf_percent$$00000000) for _printf_percent
    main.o(i.camera_new_pathname) refers to _printf_d.o(.ARM.Collect$$_printf_percent$$00000009) for _printf_d
    main.o(i.camera_new_pathname) refers to _printf_dec.o(.text) for _printf_int_dec
    main.o(i.camera_new_pathname) refers to malloc.o(i.mymalloc) for mymalloc
    main.o(i.camera_new_pathname) refers to noretval__2sprintf.o(.text) for __2sprintf
    main.o(i.camera_new_pathname) refers to ff.o(i.f_open) for f_open
    main.o(i.camera_new_pathname) refers to malloc.o(i.myfree) for myfree
    main.o(i.cross) refers to pwmdac.o(i.open_door) for open_door
    main.o(i.cross) refers to main.o(i.SensorStatus) for SensorStatus
    main.o(i.cross) refers to delay.o(i.delay_ms) for delay_ms
    main.o(i.cross) refers to pwmdac.o(i.close_door) for close_door
    main.o(i.cross) refers to syn6288.o(i.alarm_say) for alarm_say
    main.o(i.cross) refers to main.o(.data) for SensorFlag
    main.o(i.jpeg_data_process) refers to lcd.o(i.lcd_set_cursor) for lcd_set_cursor
    main.o(i.jpeg_data_process) refers to lcd.o(i.lcd_write_ram_prepare) for lcd_write_ram_prepare
    main.o(i.jpeg_data_process) refers to main.o(.data) for g_ov_mode
    main.o(i.jpeg_dcmi_rx_callback) refers to main.o(.data) for p_jpeg_data_buf
    main.o(i.main) refers to _printf_percent.o(.ARM.Collect$$_printf_percent$$00000000) for _printf_percent
    main.o(i.main) refers to _printf_d.o(.ARM.Collect$$_printf_percent$$00000009) for _printf_d
    main.o(i.main) refers to _printf_x.o(.ARM.Collect$$_printf_percent$$0000000C) for _printf_x
    main.o(i.main) refers to _printf_dec.o(.text) for _printf_int_dec
    main.o(i.main) refers to _printf_hex_int.o(.text) for _printf_longlong_hex
    main.o(i.main) refers to _printf_pad.o(.text) for _printf_pre_padding
    main.o(i.main) refers to sys.o(i.sys_stm32_clock_init) for sys_stm32_clock_init
    main.o(i.main) refers to delay.o(i.delay_init) for delay_init
    main.o(i.main) refers to usart.o(i.usart_init) for usart_init
    main.o(i.main) refers to usart2.o(i.usart2_init) for usart2_init
    main.o(i.main) refers to pwmdac.o(i.pwmdac_init) for pwmdac_init
    main.o(i.main) refers to led.o(i.led_init) for led_init
    main.o(i.main) refers to lcd.o(i.lcd_init) for lcd_init
    main.o(i.main) refers to key.o(i.key_init) for key_init
    main.o(i.main) refers to sram.o(i.sram_init) for sram_init
    main.o(i.main) refers to norflash.o(i.norflash_init) for norflash_init
    main.o(i.main) refers to beep.o(i.beep_init) for beep_init
    main.o(i.main) refers to btim.o(i.btim_timx_int_init) for btim_timx_int_init
    main.o(i.main) refers to piclib.o(i.piclib_init) for piclib_init
    main.o(i.main) refers to main.o(i.SensorGPIOConfig) for SensorGPIOConfig
    main.o(i.main) refers to malloc.o(i.my_mem_init) for my_mem_init
    main.o(i.main) refers to exfuns.o(i.exfuns_init) for exfuns_init
    main.o(i.main) refers to ff.o(i.f_mount) for f_mount
    main.o(i.main) refers to lcd.o(i.lcd_show_string) for lcd_show_string
    main.o(i.main) refers to delay.o(i.delay_ms) for delay_ms
[...]
    lcd_clear                                0x0800ac2d   Thumb Code    42  lcd.o(i.lcd_clear)
    lcd_color_fill                           0x0800ac61   Thumb Code    92  lcd.o(i.lcd_color_fill)
    lcd_display_dir                          0x0800acc1   Thumb Code   360  lcd.o(i.lcd_display_dir)
    lcd_draw_hline                           0x0800ae2d   Thumb Code    52  lcd.o(i.lcd_draw_hline)
    lcd_draw_point                           0x0800ae65   Thumb Code    26  lcd.o(i.lcd_draw_point)
    lcd_ex_ili9341_reginit                   0x0800ae85   Thumb Code   556  lcd.o(i.lcd_ex_ili9341_reginit)
    lcd_ex_ili9806_reginit                   0x0800b0b1   Thumb Code   832  lcd.o(i.lcd_ex_ili9806_reginit)
    lcd_ex_nt35310_reginit                   0x0800b3f1   Thumb Code  3826  lcd.o(i.lcd_ex_nt35310_reginit)
    lcd_ex_nt35510_reginit                   0x0800c2e3   Thumb Code  3836  lcd.o(i.lcd_ex_nt35510_reginit)
    lcd_ex_ssd1963_reginit                   0x0800d1df   Thumb Code   366  lcd.o(i.lcd_ex_ssd1963_reginit)
    lcd_ex_st7789_reginit                    0x0800d34d   Thumb Code   424  lcd.o(i.lcd_ex_st7789_reginit)
    lcd_ex_st7796_reginit                    0x0800d4f5   Thumb Code   454  lcd.o(i.lcd_ex_st7796_reginit)
    lcd_fill                                 0x0800d6bd   Thumb Code    80  lcd.o(i.lcd_fill)
    lcd_init                                 0x0800d711   Thumb Code  1484  lcd.o(i.lcd_init)
    lcd_read_point                           0x0800dd19   Thumb Code   148  lcd.o(i.lcd_read_point)
    lcd_scan_dir                             0x0800ddb1   Thumb Code   568  lcd.o(i.lcd_scan_dir)
    lcd_set_cursor                           0x0800dfed   Thumb Code   282  lcd.o(i.lcd_set_cursor)
    lcd_show_char                            0x0800e10d   Thumb Code   294  lcd.o(i.lcd_show_char)
    lcd_show_string                          0x0800e24d   Thumb Code   106  lcd.o(i.lcd_show_string)
    lcd_ssd_backlight_set                    0x0800e2b9   Thumb Code    88  lcd.o(i.lcd_ssd_backlight_set)
    lcd_wr_data                              0x0800e319   Thumb Code    18  lcd.o(i.lcd_wr_data)
    lcd_wr_regno                             0x0800e331   Thumb Code    18  lcd.o(i.lcd_wr_regno)
    lcd_write_ram_prepare                    0x0800e349   Thumb Code    10  lcd.o(i.lcd_write_ram_prepare)
    lcd_write_reg                            0x0800e35d   Thumb Code    14  lcd.o(i.lcd_write_reg)
    led_init                                 0x0800e41d   Thumb Code    90  led.o(i.led_init)
    log                                      0x0800e5cf   Thumb Code    16  log.o(i.log)
    main                                     0x0800e5e1   Thumb Code  1890  main.o(i.main)
    matrix                                   0x0800eddd   Thumb Code   106  matrix.o(i.matrix)
    mf_free                                  0x0800f2c1   Thumb Code    26  fattester.o(i.mf_free)
    mf_init                                  0x0800f2e1   Thumb Code    58  fattester.o(i.mf_init)
    mf_scan_files                            0x0800f321   Thumb Code    74  fattester.o(i.mf_scan_files)
    my_mem_init                              0x0800f899   Thumb Code    38  malloc.o(i.my_mem_init)
    my_mem_perused                           0x0800f971   Thumb Code    56  malloc.o(i.my_mem_perused)
    my_mem_set                               0x0800f9b1   Thumb Code    20  malloc.o(i.my_mem_set)
    myfree                                   0x0800f9c5   Thumb Code    30  malloc.o(i.myfree)
    mymalloc                                 0x0800f9e9   Thumb Code    34  malloc.o(i.mymalloc)
    norflash_erase_sector                    0x0800fa11   Thumb Code    54  norflash.o(i.norflash_erase_sector)
    norflash_init                            0x0800fa4d   Thumb Code   138  norflash.o(i.norflash_init)
    norflash_read                            0x0800fae5   Thumb Code    68  norflash.o(i.norflash_read)
    norflash_read_id                         0x0800fb2d   Thumb Code    68  norflash.o(i.norflash_read_id)
    norflash_read_sr                         0x0800fb75   Thumb Code    80  norflash.o(i.norflash_read_sr)
    norflash_write                           0x0800fc11   Thumb Code   180  norflash.o(i.norflash_write)
    norflash_write_enable                    0x0800fcc9   Thumb Code    32  norflash.o(i.norflash_write_enable)
    norflash_write_sr                        0x0800fd85   Thumb Code    76  norflash.o(i.norflash_write_sr)
    open_door                                0x0800fdd5   Thumb Code    30  pwmdac.o(i.open_door)
    open_say                                 0x0800fdf5   Thumb Code    12  syn6288.o(i.open_say)
    ov2640_init                              0x0800fe25   Thumb Code   276  ov2640.o(i.ov2640_init)
    ov2640_outsize_set                       0x0800ff5d   Thumb Code   136  ov2640.o(i.ov2640_outsize_set)
    ov2640_read_reg                          0x0800ffe5   Thumb Code    78  ov2640.o(i.ov2640_read_reg)
    ov2640_rgb565_mode                       0x08010035   Thumb Code    36  ov2640.o(i.ov2640_rgb565_mode)
    ov2640_write_reg                         0x0801005d   Thumb Code    74  ov2640.o(i.ov2640_write_reg)
    piclib_ai_draw_init                      0x08010135   Thumb Code   216  piclib.o(i.piclib_ai_draw_init)
    piclib_ai_load_picfile                   0x08010215   Thumb Code   194  piclib.o(i.piclib_ai_load_picfile)
    piclib_init                              0x08010311   Thumb Code    58  piclib.o(i.piclib_init)
    piclib_is_element_ok                     0x0801036d   Thumb Code    36  piclib.o(i.piclib_is_element_ok)
    piclib_mem_free                          0x08010395   Thumb Code    14  piclib.o(i.piclib_mem_free)
    piclib_mem_malloc                        0x080103a3   Thumb Code    14  piclib.o(i.piclib_mem_malloc)
    printMatrixCreate                        0x080103b1   Thumb Code     2  gabor.o(i.printMatrixCreate)
    pwmdac_init                              0x080105bd   Thumb Code   252  pwmdac.o(i.pwmdac_init)
    read_addr                                0x080106c1   Thumb Code     6  usmart.o(i.read_addr)
    sccb_init                                0x0801089d   Thumb Code    74  sccb.o(i.sccb_init)
    sccb_nack                                0x080108f1   Thumb Code    46  sccb.o(i.sccb_nack)
    sccb_read_byte                           0x08010925   Thumb Code    66  sccb.o(i.sccb_read_byte)
    sccb_send_byte                           0x0801096d   Thumb Code   116  sccb.o(i.sccb_send_byte)
    sccb_start                               0x080109e5   Thumb Code    56  sccb.o(i.sccb_start)
    sccb_stop                                0x08010a21   Thumb Code    46  sccb.o(i.sccb_stop)
    sd_init                                  0x08010a55   Thumb Code   438  sdio_sdcard.o(i.sd_init)
    sd_read_disk                             0x08010c29   Thumb Code    58  sdio_sdcard.o(i.sd_read_disk)
    sd_write_disk                            0x08010c69   Thumb Code    58  sdio_sdcard.o(i.sd_write_disk)
    spi1_init                                0x08011ce5   Thumb Code   210  spi.o(i.spi1_init)
    spi1_read_write_byte                     0x08011dc5   Thumb Code    42  spi.o(i.spi1_read_write_byte)
    spi1_set_speed                           0x08011df5   Thumb Code    48  spi.o(i.spi1_set_speed)
    sqrt                                     0x08011e29   Thumb Code   110  sqrt.o(i.sqrt)
    sram_init                                0x08011e99   Thumb Code   412  sram.o(i.sram_init)
    stdbmp_decode                            0x080120f1   Thumb Code   724  bmp.o(i.stdbmp_decode)
    sw_ov2640_mode                           0x08012461   Thumb Code    52  main.o(i.sw_ov2640_mode)
    sw_sdcard_mode                           0x0801249d   Thumb Code    50  main.o(i.sw_sdcard_mode)
    sys_clock_set                            0x080125b1   Thumb Code   382  sys.o(i.sys_clock_set)
    sys_gpio_af_set                          0x0801273d   Thumb Code   104  sys.o(i.sys_gpio_af_set)
    sys_gpio_pin_get                         0x080127a5   Thumb Code    16  sys.o(i.sys_gpio_pin_get)
    sys_gpio_pin_set                         0x080127b5   Thumb Code    24  sys.o(i.sys_gpio_pin_set)
    sys_gpio_set                             0x080127cd   Thumb Code   222  sys.o(i.sys_gpio_set)
    sys_intx_disable                         0x080128ab   Thumb Code     4  sys.o(i.sys_intx_disable)
    sys_intx_enable                          0x080128af   Thumb Code     4  sys.o(i.sys_intx_enable)
    sys_nvic_init                            0x080128b5   Thumb Code   116  sys.o(i.sys_nvic_init)
    sys_nvic_set_vector_table                0x08012955   Thumb Code    12  sys.o(i.sys_nvic_set_vector_table)
    sys_stm32_clock_init                     0x08012965   Thumb Code    58  sys.o(i.sys_stm32_clock_init)
    text_show_font                           0x08012ad1   Thumb Code   218  text.o(i.text_show_font)
    text_show_string                         0x08012bb1   Thumb Code   198  text.o(i.text_show_string)
    usart2_init                              0x08012c79   Thumb Code   170  usart2.o(i.usart2_init)
    usart_init                               0x08012d35   Thumb Code   206  usart.o(i.usart_init)
    usmart_cmd_rec                           0x08012e15   Thumb Code   170  usmart.o(i.usmart_cmd_rec)
    usmart_exe                               0x08012ec5   Thumb Code   632  usmart.o(i.usmart_exe)
    usmart_get_aparm                         0x08013199   Thumb Code   212  usmart_str.o(i.usmart_get_aparm)
    usmart_get_cmdname                       0x0801326d   Thumb Code    54  usmart_str.o(i.usmart_get_cmdname)
    usmart_get_fname                         0x080132a5   Thumb Code   440  usmart_str.o(i.usmart_get_fname)
    usmart_get_fparam                        0x08013465   Thumb Code   262  usmart_str.o(i.usmart_get_fparam)
    usmart_get_input_string                  0x08013571   Thumb Code    30  usmart_port.o(i.usmart_get_input_string)
    usmart_get_parmpos                       0x08013599   Thumb Code    26  usmart_str.o(i.usmart_get_parmpos)
    usmart_init                              0x080135b9   Thumb Code    18  usmart.o(i.usmart_init)
    usmart_pow                               0x080135d1   Thumb Code    22  usmart_str.o(i.usmart_pow)
    usmart_scan                              0x080135e9   Thumb Code   106  usmart.o(i.usmart_scan)
    usmart_search_nextc                      0x08013691   Thumb Code    22  usmart_str.o(i.usmart_search_nextc)
    usmart_str2num                           0x080136a7   Thumb Code   262  usmart_str.o(i.usmart_str2num)
    usmart_strcmp                            0x080137ad   Thumb Code    34  usmart_str.o(i.usmart_strcmp)
    usmart_strcopy                           0x080137cf   Thumb Code    22  usmart_str.o(i.usmart_strcopy)
    usmart_strlen                            0x080137e5   Thumb Code    24  usmart_str.o(i.usmart_strlen)
    usmart_sys_cmd_exe                       0x080137fd   Thumb Code  1570  usmart.o(i.usmart_sys_cmd_exe)
    usmart_timx_get_time                     0x08013ef1   Thumb Code    56  usmart_port.o(i.usmart_timx_get_time)
    usmart_timx_init                         0x08013f31   Thumb Code    94  usmart_port.o(i.usmart_timx_init)
    usmart_timx_reset_time                   0x08013f99   Thumb Code    38  usmart_port.o(i.usmart_timx_reset_time)
    vector                                   0x08014005   Thumb Code    54  matrix.o(i.vector)
    write_addr                               0x0801403b   Thumb Code     4  usmart.o(i.write_addr)
    __aeabi_dneg                             0x080140c5   Thumb Code     0  basic.o(x$fpl$basic)
    _dneg                                    0x080140c5   Thumb Code     6  basic.o(x$fpl$basic)
    __aeabi_fneg                             0x080140cb   Thumb Code     0  basic.o(x$fpl$basic)
    _fneg                                    0x080140cb   Thumb Code     6  basic.o(x$fpl$basic)
    _dabs                                    0x080140d1   Thumb Code     6  basic.o(x$fpl$basic)
    _fabs                                    0x080140d7   Thumb Code     6  basic.o(x$fpl$basic)
    __aeabi_d2f                              0x080140dd   Thumb Code     0  d2f.o(x$fpl$d2f)
    _d2f                                     0x080140dd   Thumb Code    98  d2f.o(x$fpl$d2f)
    __aeabi_dadd                             0x08014141   Thumb Code     0  daddsub_clz.o(x$fpl$dadd)
    _dadd                                    0x08014141   Thumb Code   332  daddsub_clz.o(x$fpl$dadd)
    __fpl_dcheck_NaN1                        0x08014291   Thumb Code    10  dcheck1.o(x$fpl$dcheck1)
    __fpl_dcmp_Inf                           0x080142a1   Thumb Code    24  dcmpi.o(x$fpl$dcmpinf)
    __aeabi_ddiv                             0x080142b9   Thumb Code     0  ddiv.o(x$fpl$ddiv)
    _ddiv                                    0x080142b9   Thumb Code   552  ddiv.o(x$fpl$ddiv)
    __aeabi_cdcmpeq                          0x08014569   Thumb Code     0  deqf.o(x$fpl$deqf)
    _dcmpeq                                  0x08014569   Thumb Code   120  deqf.o(x$fpl$deqf)
    __aeabi_d2iz                             0x080145e1   Thumb Code     0  dfix.o(x$fpl$dfix)
    _dfix                                    0x080145e1   Thumb Code    94  dfix.o(x$fpl$dfix)
    __aeabi_d2uiz                            0x08014641   Thumb Code     0  dfixu.o(x$fpl$dfixu)
    _dfixu                                   0x08014641   Thumb Code    90  dfixu.o(x$fpl$dfixu)
    __aeabi_i2d                              0x0801469b   Thumb Code     0  dflt_clz.o(x$fpl$dflt)
    _dflt                                    0x0801469b   Thumb Code    46  dflt_clz.o(x$fpl$dflt)
    __aeabi_ui2d                             0x080146c9   Thumb Code     0  dflt_clz.o(x$fpl$dfltu)
    _dfltu                                   0x080146c9   Thumb Code    38  dflt_clz.o(x$fpl$dfltu)
    __aeabi_cdcmple                          0x080146f1   Thumb Code     0  dleqf.o(x$fpl$dleqf)
    _dcmple                                  0x080146f1   Thumb Code   120  dleqf.o(x$fpl$dleqf)
    __fpl_dcmple_InfNaN                      0x08014753   Thumb Code     0  dleqf.o(x$fpl$dleqf)
    __aeabi_dmul                             0x08014769   Thumb Code     0  dmul.o(x$fpl$dmul)
    _dmul                                    0x08014769   Thumb Code   332  dmul.o(x$fpl$dmul)
    __fpl_dnaninf                            0x080148bd   Thumb Code   156  dnaninf.o(x$fpl$dnaninf)
    __fpl_dretinf                            0x08014959   Thumb Code    12  dretinf.o(x$fpl$dretinf)
    __aeabi_cdrcmple                         0x08014965   Thumb Code     0  drleqf.o(x$fpl$drleqf)
    _drcmple                                 0x08014965   Thumb Code   108  drleqf.o(x$fpl$drleqf)
    __aeabi_drsub                            0x080149d1   Thumb Code     0  daddsub_clz.o(x$fpl$drsb)
    _drsb                                    0x080149d1   Thumb Code    22  daddsub_clz.o(x$fpl$drsb)
    _dsqrt                                   0x080149e9   Thumb Code   404  dsqrt_umaal.o(x$fpl$dsqrt)
    __aeabi_dsub                             0x08014b81   Thumb Code     0  daddsub_clz.o(x$fpl$dsub)
    _dsub                                    0x08014b81   Thumb Code   464  daddsub_clz.o(x$fpl$dsub)
    __aeabi_f2d                              0x08014d55   Thumb Code     0  f2d.o(x$fpl$f2d)
    _f2d                                     0x08014d55   Thumb Code    86  f2d.o(x$fpl$f2d)
    __fpl_fnaninf                            0x08014dab   Thumb Code   140  fnaninf.o(x$fpl$fnaninf)
    _fp_init                                 0x08014e37   Thumb Code    10  fpinit.o(x$fpl$fpinit)
    __fplib_config_fpu_vfp                   0x08014e3f   Thumb Code     0  fpinit.o(x$fpl$fpinit)
    __fplib_config_pureend_doubles           0x08014e3f   Thumb Code     0  fpinit.o(x$fpl$fpinit)
    __fpl_fretinf                            0x08014e41   Thumb Code    10  fretinf.o(x$fpl$fretinf)
    __fpl_return_NaN                         0x08014e4b   Thumb Code   100  retnan.o(x$fpl$retnan)
    __ARM_scalbn                             0x08014eaf   Thumb Code    92  scalbn.o(x$fpl$scalbn)
    __fpl_cmpreturn                          0x08014f0b   Thumb Code    48  trapv.o(x$fpl$trapveneer)
    __I$use$fp                               0x08014f3a   Number         0  usenofp.o(x$fpl$usenofp)
    asc2_1206                                0x08014f3a   Data        1140  lcd.o(.constdata)
    asc2_1608                                0x080153ae   Data        1520  lcd.o(.constdata)
    asc2_2412                                0x0801599e   Data        3420  lcd.o(.constdata)
    asc2_3216                                0x080166fa   Data        6080  lcd.o(.constdata)
    ov2640_uxga_init_reg_tbl                 0x08017eba   Data         356  ov2640.o(.constdata)
    ov2640_svga_init_reg_tbl                 0x0801801e   Data         354  ov2640.o(.constdata)
    ov2640_yuv422_reg_tbl                    0x08018180   Data          16  ov2640.o(.constdata)
    ov2640_jpeg_reg_tbl                      0x08018190   Data          14  ov2640.o(.constdata)
    ov2640_rgb565_reg_tbl                    0x0801819e   Data          28  ov2640.o(.constdata)
    memtblsize                               0x080181e4   Data          12  malloc.o(.constdata)
    memblksize                               0x080181f0   Data          12  malloc.o(.constdata)
    memsize                                  0x080181fc   Data          12  malloc.o(.constdata)
    FILE_TYPE_TBL                            0x08018260   Data         196  exfuns.o(.constdata)
    _aMaskTbl                                0x080185d2   Data          32  gif.o(.constdata)
    _aInterlaceOffset                        0x080185f2   Data           4  gif.o(.constdata)
    _aInterlaceYPos                          0x080185f6   Data           4  gif.o(.constdata)
    __mathlib_zero                           0x08018c40   Data           8  qnan.o(.constdata)
    Region$$Table$$Base                      0x08019034   Number         0  anon$$obj.o(Region$$Table)
    Region$$Table$$Limit                     0x08019054   Number         0  anon$$obj.o(Region$$Table)
    g_bmp_request                            0x20000000   Data           1  main.o(.data)
    g_ov_mode                                0x20000001   Data           1  main.o(.data)
    p_dcmi_line_buf                          0x20000004   Data           8  main.o(.data)
    p_jpeg_data_buf                          0x2000000c   Data           4  main.o(.data)
    g_jpeg_data_len                          0x20000010   Data           4  main.o(.data)
    SensorFlag                               0x20000014   Data           1  main.o(.data)
    CrossFlag                                0x20000015   Data           1  main.o(.data)
    TimeCount                                0x20000016   Data           1  main.o(.data)
    g_jpeg_data_ok                           0x20000017   Data           1  main.o(.data)
    __stdout                                 0x2000001c   Data           4  usart.o(.data)
    g_usart_rx_sta                           0x20000020   Data           2  usart.o(.data)
    g_point_color                            0x20000024   Data           4  lcd.o(.data)
    g_back_color                             0x20000028   Data           4  lcd.o(.data)
    g_norflash_type                          0x20000038   Data           2  norflash.o(.data)
    g_ov_frame                               0x2000003c   Data           1  dcmi.o(.data)
    dcmi_rx_callback                         0x20000040   Data           4  dcmi.o(.data)
    sys_cmd_tab                              0x20000044   Data          28  usmart.o(.data)
    usmart_nametab                           0x20000060   Data          80  usmart_config.o(.data)
    usmart_dev                               0x200000b0   Data         244  usmart_config.o(.data)
    mallco_dev                               0x200001a4   Data          36  malloc.o(.data)
    fs                                       0x200001d4   Data           8  exfuns.o(.data)
    g_gif_decoding                           0x200001dc   Data           1  gif.o(.data)
    f_jpeg                                   0x200001e0   Data           4  tjpgd.o(.data)
    jpeg_dev                                 0x200001e4   Data           4  tjpgd.o(.data)
    jpg_buffer                               0x200001e8   Data           4  tjpgd.o(.data)
    projector                                0x200001ec   Data           4  recog.o(.data)
    IMG                                      0x200001f0   Data           4  gabor.o(.data)
    IMG_imag                                 0x200001f4   Data           4  gabor.o(.data)
    Gr                                       0x200001f8   Data           4  gabor.o(.data)
    Gi                                       0x200001fc   Data           4  gabor.o(.data)
    Tmp_1                                    0x20000200   Data           4  gabor.o(.data)
    Tmp_2                                    0x20000204   Data           4  gabor.o(.data)
    F_1                                      0x20000208   Data           4  gabor.o(.data)
    F_2                                      0x2000020c   Data           4  gabor.o(.data)
    G_real                                   0x20000210   Data           4  gabor.o(.data)
    G_imag                                   0x20000214   Data           4  gabor.o(.data)
    F_real                                   0x20000218   Data           4  gabor.o(.data)
    F_imag                                   0x2000021c   Data           4  gabor.o(.data)
    Fea                                      0x20000220   Data           4  gabor.o(.data)
    img                                      0x20000224   Data           4  gabor.o(.data)
    xs                                       0x20000228   Data           4  gabor.o(.data)
    ys                                       0x2000022c   Data           4  gabor.o(.data)
    R                                        0x20000230   Data           4  matrix.o(.data)
    I                                        0x20000234   Data           4  matrix.o(.data)
    Fr                                       0x20000238   Data           4  matrix.o(.data)
    Fi                                       0x2000023c   Data           4  matrix.o(.data)
    T                                        0x20000240   Data           4  matrix.o(.data)
    tmp1                                     0x20000244   Data           4  matrix.o(.data)
    tmp2                                     0x20000248   Data           4  matrix.o(.data)
    g_usart_rx_buf                           0x2000024c   Data         200  usart.o(.bss)
    lcddev                                   0x20000314   Data          14  lcd.o(.bss)
    g_sd_card_info                           0x20000348   Data          88  sdio_sdcard.o(.bss)
    g_norflash_buf                           0x200003a0   Data        4096  norflash.o(.bss)
    fattester                                0x2001bcc0   Data         384  fattester.o(.bss)
    ftinfo                                   0x2001be40   Data          33  fonts.o(.bss)
    picinfo                                  0x2001be64   Data          40  piclib.o(.bss)
    pic_phy                                  0x2001be8c   Data          20  piclib.o(.bss)
    model                                    0x2001bea0   Data          16  recog.o(.bss)
    __libspace_start                         0x2001beb0   Data          96  libspace.o(.bss)
    __temporary_stack_top$libspace           0x2001bf10   Data           0  libspace.o(.bss)



==============================================================================

Memory Map of the image

  Image Entry point : 0x08000189

  Load Region LR_IROM1 (Base: 0x08000000, Size: 0x000192a0, Max: 0x00100000, ABSOLUTE, COMPRESSED[0x000190f0])

    Execution Region ER_IROM1 (Exec base: 0x08000000, Load base: 0x08000000, Size: 0x00019054, Max: 0x00100000, ABSOLUTE)

    Exec Addr    Load Addr    Size         Type   Attr      Idx    E Section Name        Object

    0x08000000   0x08000000   0x00000188   Data   RO            3    RESET               startup_stm32f407xx.o
    0x08000188   0x08000188   0x00000008   Code   RO         3577  * !!!main             c_w.l(__main.o)
    0x08000190   0x08000190   0x00000034   Code   RO         3980    !!!scatter          c_w.l(__scatter.o)
    0x080001c4   0x080001c4   0x0000005a   Code   RO         3978    !!dczerorl2         c_w.l(__dczerorl2.o)
    0x0800021e   0x0800021e   0x00000002   PAD
    0x08000220   0x08000220   0x0000001c   Code   RO         3982    !!handler_zi        c_w.l(__scatter_zi.o)
    0x0800023c   0x0800023c   0x00000000   Code   RO         3551    .ARM.Collect$$_printf_percent$$00000000  c_w.l(_printf_percent.o)
    0x0800023c   0x0800023c   0x00000006   Code   RO         3549    .ARM.Collect$$_printf_percent$$00000009  c_w.l(_printf_d.o)
    0x08000242   0x08000242   0x00000006   Code   RO         3550    .ARM.Collect$$_printf_percent$$0000000A  c_w.l(_printf_u.o)
    0x08000248   0x08000248   0x00000006   Code   RO         3548    .ARM.Collect$$_printf_percent$$0000000C  c_w.l(_printf_x.o)
    0x0800024e   0x0800024e   0x00000006   Code   RO         3546    .ARM.Collect$$_printf_percent$$00000013  c_w.l(_printf_c.o)
    0x08000254   0x08000254   0x00000006   Code   RO         3547    .ARM.Collect$$_printf_percent$$00000014  c_w.l(_printf_s.o)
    0x0800025a   0x0800025a   0x00000004   Code   RO         3740    .ARM.Collect$$_printf_percent$$00000017  c_w.l(_printf_percent_end.o)
    0x0800025e   0x0800025e   0x00000002   Code   RO         3854    .ARM.Collect$$libinit$$00000000  c_w.l(libinit.o)
    0x08000260   0x08000260   0x00000004   Code   RO         3865    .ARM.Collect$$libinit$$00000001  c_w.l(libinit2.o)
    0x08000264   0x08000264   0x00000000   Code   RO         3868    .ARM.Collect$$libinit$$00000004  c_w.l(libinit2.o)
    0x08000264   0x08000264   0x00000000   Code   RO         3871    .ARM.Collect$$libinit$$0000000A  c_w.l(libinit2.o)
    0x08000264   0x08000264   0x00000000   Code   RO         3873    .ARM.Collect$$libinit$$0000000C  c_w.l(libinit2.o)
    0x08000264   0x08000264   0x00000000   Code   RO         3875    .ARM.Collect$$libinit$$0000000E  c_w.l(libinit2.o)
    0x08000264   0x08000264   0x00000000   Code   RO         3878    .ARM.Collect$$libinit$$00000011  c_w.l(libinit2.o)
    0x08000264   0x08000264   0x00000000   Code   RO         3880    .ARM.Collect$$libinit$$00000013  c_w.l(libinit2.o)
    0x08000264   0x08000264   0x00000000   Code   RO         3882    .ARM.Collect$$libinit$$00000015  c_w.l(libinit2.o)
    0x08000264   0x08000264   0x00000000   Code   RO         3884    .ARM.Collect$$libinit$$00000017  c_w.l(libinit2.o)
    0x08000264   0x08000264   0x00000000   Code   RO         3886    .ARM.Collect$$libinit$$00000019  c_w.l(libinit2.o)
    0x08000264   0x08000264   0x00000000   Code   RO         3888    .ARM.Collect$$libinit$$0000001B  c_w.l(libinit2.o)
    0x08000264   0x08000264   0x00000000   Code   RO         3890    .ARM.Collect$$libinit$$0000001D  c_w.l(libinit2.o)
    0x08000264   0x08000264   0x00000000   Code   RO         3892    .ARM.Collect$$libinit$$0000001F  c_w.l(libinit2.o)
    0x08000264   0x08000264   0x00000000   Code   RO         3894    .ARM.Collect$$libinit$$00000021  c_w.l(libinit2.o)
    0x08000264   0x08000264   0x00000000   Code   RO         3896    .ARM.Collect$$libinit$$00000023  c_w.l(libinit2.o)
    0x08000264   0x08000264   0x00000000   Code   RO         3898    .ARM.Collect$$libinit$$00000025  c_w.l(libinit2.o)
    0x08000264   0x08000264   0x00000000   Code   RO         3902    .ARM.Collect$$libinit$$0000002C  c_w.l(libinit2.o)
    0x08000264   0x08000264   0x00000000   Code   RO         3904    .ARM.Collect$$libinit$$0000002E  c_w.l(libinit2.o)
    0x08000264   0x08000264   0x00000000   Code   RO         3906    .ARM.Collect$$libinit$$00000030  c_w.l(libinit2.o)
    0x08000264   0x08000264   0x00000000   Code   RO         3908    .ARM.Collect$$libinit$$00000032  c_w.l(libinit2.o)
    0x08000264   0x08000264   0x00000002   Code   RO         3909    .ARM.Collect$$libinit$$00000033  c_w.l(libinit2.o)
    0x08000266   0x08000266   0x00000002   Code   RO         3935    .ARM.Collect$$libshutdown$$00000000  c_w.l(libshutdown.o)
    0x08000268   0x08000268   0x00000000   Code   RO         3959    .ARM.Collect$$libshutdown$$00000002  c_w.l(libshutdown2.o)
    0x08000268   0x08000268   0x00000000   Code   RO         3961    .ARM.Collect$$libshutdown$$00000004  c_w.l(libshutdown2.o)
    0x08000268   0x08000268   0x00000000   Code   RO         3963    .ARM.Collect$$libshutdown$$00000006  c_w.l(libshutdown2.o)
    0x08000268   0x08000268   0x00000000   Code   RO         3966    .ARM.Collect$$libshutdown$$00000009  c_w.l(libshutdown2.o)
    0x08000268   0x08000268   0x00000000   Code   RO         3969    .ARM.Collect$$libshutdown$$0000000C  c_w.l(libshutdown2.o)
    0x08000268   0x08000268   0x00000000   Code   RO         3971    .ARM.Collect$$libshutdown$$0000000E  c_w.l(libshutdown2.o)
    0x08000268   0x08000268   0x00000000   Code   RO         3974    .ARM.Collect$$libshutdown$$00000011  c_w.l(libshutdown2.o)
    0x08000268   0x08000268   0x00000002   Code   RO         3975    .ARM.Collect$$libshutdown$$00000012  c_w.l(libshutdown2.o)
    0x0800026a   0x0800026a   0x00000000   Code   RO         3721    .ARM.Collect$$rtentry$$00000000  c_w.l(__rtentry.o)
    0x0800026a   0x0800026a   0x00000000   Code   RO         3807    .ARM.Collect$$rtentry$$00000002  c_w.l(__rtentry2.o)
    0x0800026a   0x0800026a   0x00000006   Code   RO         3819    .ARM.Collect$$rtentry$$00000004  c_w.l(__rtentry4.o)
    0x08000270   0x08000270   0x00000000   Code   RO         3809    .ARM.Collect$$rtentry$$00000009  c_w.l(__rtentry2.o)
    0x08000270   0x08000270   0x00000004   Code   RO         3810    .ARM.Collect$$rtentry$$0000000A  c_w.l(__rtentry2.o)
    0x08000274   0x08000274   0x00000000   Code   RO         3812    .ARM.Collect$$rtentry$$0000000C  c_w.l(__rtentry2.o)
    0x08000274   0x08000274   0x00000008   Code   RO         3813    .ARM.Collect$$rtentry$$0000000D  c_w.l(__rtentry2.o)
    0x0800027c   0x0800027c   0x00000002   Code   RO         3857    .ARM.Collect$$rtexit$$00000000  c_w.l(rtexit.o)
    0x0800027e   0x0800027e   0x00000000   Code   RO         3913    .ARM.Collect$$rtexit$$00000002  c_w.l(rtexit2.o)
    0x0800027e   0x0800027e   0x00000004   Code   RO         3914    .ARM.Collect$$rtexit$$00000003  c_w.l(rtexit2.o)
    0x08000282   0x08000282   0x00000006   Code   RO         3915    .ARM.Collect$$rtexit$$00000004  c_w.l(rtexit2.o)
    0x08000288   0x08000288   0x00000044   Code   RO            4    .text               startup_stm32f407xx.o
    0x080002cc   0x080002cc   0x00000002   Code   RO         3481    .text               c_w.l(use_no_semi_2.o)
    0x080002ce   0x080002ce   0x000000ee   Code   RO         3483    .text               c_w.l(lludivv7m.o)
    0x080003bc   0x080003bc   0x00000048   Code   RO         3485    .text               c_w.l(llsdiv.o)
    0x08000404   0x08000404   0x00000018   Code   RO         3491    .text               c_w.l(noretval__2printf.o)
    0x0800041c   0x0800041c   0x00000028   Code   RO         3493    .text               c_w.l(noretval__2sprintf.o)
    0x08000444   0x08000444   0x0000004e   Code   RO         3497    .text               c_w.l(_printf_pad.o)
    0x08000492   0x08000492   0x00000052   Code   RO         3499    .text               c_w.l(_printf_str.o)
    0x080004e4   0x080004e4   0x00000078   Code   RO         3501    .text               c_w.l(_printf_dec.o)
    0x0800055c   0x0800055c   0x00000058   Code   RO         3508    .text               c_w.l(_printf_hex_int.o)
    0x080005b4   0x080005b4   0x00000188   Code   RO         3543    .text               c_w.l(__printf_flags_ss_wp.o)
    0x0800073c   0x0800073c   0x00000014   Code   RO         3553    .text               c_w.l(strchr.o)
    0x08000750   0x08000750   0x00000058   Code   RO         3555    .text               c_w.l(memcmp.o)
    0x080007a8   0x080007a8   0x00000048   Code   RO         3557    .text               c_w.l(strcpy.o)
    0x080007f0   0x080007f0   0x0000003e   Code   RO         3559    .text               c_w.l(strlen.o)
    0x0800082e   0x0800082e   0x0000008a   Code   RO         3563    .text               c_w.l(rt_memcpy_v6.o)
    0x080008b8   0x080008b8   0x00000064   Code   RO         3565    .text               c_w.l(rt_memcpy_w.o)
    0x0800091c   0x0800091c   0x00000010   Code   RO         3567    .text               c_w.l(aeabi_memset.o)
    0x0800092c   0x0800092c   0x00000044   Code   RO         3569    .text               c_w.l(rt_memclr.o)
    0x08000970   0x08000970   0x0000004e   Code   RO         3571    .text               c_w.l(rt_memclr_w.o)
    0x080009be   0x080009be   0x00000002   PAD
    0x080009c0   0x080009c0   0x00000080   Code   RO         3573    .text               c_w.l(strcmpv7m.o)
    0x08000a40   0x08000a40   0x00000006   Code   RO         3575    .text               c_w.l(heapauxi.o)
    0x08000a46   0x08000a46   0x00000002   Code   RO         3719    .text               c_w.l(use_no_semi.o)
    0x08000a48   0x08000a48   0x00000016   Code   RO         3728    .text               c_w.l(_rserrno.o)
    0x08000a5e   0x08000a5e   0x000000b2   Code   RO         3730    .text               c_w.l(_printf_intcommon.o)
    0x08000b10   0x08000b10   0x00000030   Code   RO         3732    .text               c_w.l(_printf_char_common.o)
    0x08000b40   0x08000b40   0x0000000a   Code   RO         3734    .text               c_w.l(_sputc.o)
    0x08000b4a   0x08000b4a   0x0000002c   Code   RO         3736    .text               c_w.l(_printf_char.o)
    0x08000b76   0x08000b76   0x00000002   PAD
    0x08000b78   0x08000b78   0x00000024   Code   RO         3738    .text               c_w.l(_printf_char_file.o)
    0x08000b9c   0x08000b9c   0x00000008   Code   RO         3826    .text               c_w.l(rt_errno_addr_intlibspace.o)
    0x08000ba4   0x08000ba4   0x00000008   Code   RO         3830    .text               c_w.l(ferror.o)
    0x08000bac   0x08000bac   0x00000008   Code   RO         3838    .text               c_w.l(libspace.o)
    0x08000bb4   0x08000bb4   0x0000004a   Code   RO         3841    .text               c_w.l(sys_stackheap_outer.o)
    0x08000bfe   0x08000bfe   0x00000012   Code   RO         3843    .text               c_w.l(exit.o)
    0x08000c10   0x08000c10   0x00000092   Code   RO         3362    i.CreateMatrix      ATKFREC.lib(matrix.o)
    0x08000ca2   0x08000ca2   0x00000002   PAD
    0x08000ca4   0x08000ca4   0x00000044   Code   RO         1489    i.DCMI_IRQHandler   dcmi.o
    0x08000ce8   0x08000ce8   0x0000002c   Code   RO         1490    i.DMA2_Stream1_IRQHandler  dcmi.o
    0x08000d14   0x08000d14   0x00000034   Code   RO         3363    i.FreeMatrix        ATKFREC.lib(matrix.o)
    0x08000d48   0x08000d48   0x00000910   Code   RO         3310    i.Gabor             ATKFREC.lib(gabor.o)
    0x08001658   0x08001658   0x00000214   Code   RO         3311    i.GaborFilterFinialize  ATKFREC.lib(gabor.o)
    0x0800186c   0x0800186c   0x00000308   Code   RO         3312    i.GaborFilterInitialize  ATKFREC.lib(gabor.o)
    0x08001b74   0x08001b74   0x0000046a   Code   RO         3313    i.GaborFilteredImg  ATKFREC.lib(gabor.o)
    0x08001fde   0x08001fde   0x000000c6   Code   RO         3364    i.Mat_Copy          ATKFREC.lib(matrix.o)
    0x080020a4   0x080020a4   0x00000100   Code   RO         3365    i.Mat_FFT2          ATKFREC.lib(matrix.o)
    0x080021a4   0x080021a4   0x000000b8   Code   RO         3366    i.Mat_FFT_Mem_Free  ATKFREC.lib(matrix.o)
    0x0800225c   0x0800225c   0x000000d0   Code   RO         3367    i.Mat_FFT_Mem_Init  ATKFREC.lib(matrix.o)
    0x0800232c   0x0800232c   0x00000124   Code   RO         3368    i.Mat_IFFT2         ATKFREC.lib(matrix.o)
    0x08002450   0x08002450   0x0000004e   Code   RO         3369    i.Mat_Product       ATKFREC.lib(matrix.o)
    0x0800249e   0x0800249e   0x0000004e   Code   RO         3370    i.Mat_Substract     ATKFREC.lib(matrix.o)
    0x080024ec   0x080024ec   0x0000004e   Code   RO         3371    i.Mat_Sum           ATKFREC.lib(matrix.o)
    0x0800253a   0x0800253a   0x00000002   PAD
    0x0800253c   0x0800253c   0x00000030   Code   RO         3372    i.Mat_Zeros         ATKFREC.lib(matrix.o)
    0x0800256c   0x0800256c   0x0000007a   Code   RO          274    i.SYN_FrameInfo     syn6288.o
    0x080025e6   0x080025e6   0x00000002   PAD
    0x080025e8   0x080025e8   0x0000002c   Code   RO           13    i.SensorGPIOConfig  main.o
    0x08002614   0x08002614   0x00000028   Code   RO           14    i.SensorStatus      main.o
    0x0800263c   0x0800263c   0x0000003c   Code   RO         1699    i.TIM4_IRQHandler   usmart_port.o
    0x08002678   0x08002678   0x00000044   Code   RO         1230    i.TIM6_DAC_IRQHandler  btim.o
    0x080026bc   0x080026bc   0x00000080   Code   RO          498    i.USART1_IRQHandler  usart.o
    0x0800273c   0x0800273c   0x0000001c   Code   RO         1261    i.USART2_SendData   usart2.o
    0x08002758   0x08002758   0x0000001c   Code   RO         1262    i.USART2_SendString  usart2.o
    0x08002774   0x08002774   0x00000030   Code   RO         3784    i.__ARM_fpclassify  m_wm.l(fpclassify.o)
    0x080027a4   0x080027a4   0x00000004   PAD
    0x080027a8   0x080027a8   0x00000118   Code   RO         3611    i.__hardfp_ceil     m_wm.l(ceil.o)
    0x080028c0   0x080028c0   0x000000c8   Code   RO         3617    i.__hardfp_cos      m_wm.l(cos.o)
    0x08002988   0x08002988   0x00000358   Code   RO         3629    i.__hardfp_exp      m_wm.l(exp.o)
    0x08002ce0   0x08002ce0   0x000003c4   Code   RO         3643    i.__hardfp_log      m_wm.l(log.o)
    0x080030a4   0x080030a4   0x00000004   PAD
    0x080030a8   0x080030a8   0x00000130   Code   RO         3657    i.__hardfp_log10    m_wm.l(log10.o)
    0x080031d8   0x080031d8   0x00000050   Code   RO         3373    i.__hardfp_log2     ATKFREC.lib(matrix.o)
    0x08003228   0x08003228   0x00000c50   Code   RO         3669    i.__hardfp_pow      m_wm.l(pow.o)
    0x08003e78   0x08003e78   0x000000c8   Code   RO         3683    i.__hardfp_sin      m_wm.l(sin.o)
    0x08003f40   0x08003f40   0x0000007a   Code   RO         3695    i.__hardfp_sqrt     m_wm.l(sqrt.o)
    0x08003fba   0x08003fba   0x00000006   PAD
    0x08003fc0   0x08003fc0   0x00000080   Code   RO         3707    i.__hardfp_tan      m_wm.l(tan.o)
    0x08004040   0x08004040   0x00000438   Code   RO         3789    i.__ieee754_rem_pio2  m_wm.l(rred.o)
    0x08004478   0x08004478   0x00000170   Code   RO         3761    i.__kernel_cos      m_wm.l(cos_i.o)
    0x080045e8   0x080045e8   0x000000f8   Code   RO         3786    i.__kernel_poly     m_wm.l(poly.o)
    0x080046e0   0x080046e0   0x00000130   Code   RO         3794    i.__kernel_sin      m_wm.l(sin_i.o)
    0x08004810   0x08004810   0x00000350   Code   RO         3800    i.__kernel_tan      m_wm.l(tan_i.o)
    0x08004b60   0x08004b60   0x00000030   Code   RO         3764    i.__mathlib_dbl_divzero  m_wm.l(dunder.o)
    0x08004b90   0x08004b90   0x00000014   Code   RO         3765    i.__mathlib_dbl_infnan  m_wm.l(dunder.o)
    0x08004ba4   0x08004ba4   0x00000014   Code   RO         3766    i.__mathlib_dbl_infnan2  m_wm.l(dunder.o)
    0x08004bb8   0x08004bb8   0x00000020   Code   RO         3767    i.__mathlib_dbl_invalid  m_wm.l(dunder.o)
    0x08004bd8   0x08004bd8   0x00000020   Code   RO         3768    i.__mathlib_dbl_overflow  m_wm.l(dunder.o)
    0x08004bf8   0x08004bf8   0x00000020   Code   RO         3770    i.__mathlib_dbl_underflow  m_wm.l(dunder.o)
    0x08004c18   0x08004c18   0x0000000e   Code   RO         3536    i._is_digit         c_w.l(__printf_wp.o)
    0x08004c26   0x08004c26   0x00000004   Code   RO          500    i._sys_exit         usart.o
    0x08004c2a   0x08004c2a   0x00000002   PAD
    0x08004c2c   0x08004c2c   0x00000030   Code   RO          276    i.alarm_say         syn6288.o
    0x08004c5c   0x08004c5c   0x00000022   Code   RO         3049    i.alloc_pool        tjpgd.o
    0x08004c7e   0x08004c7e   0x00000002   PAD
    0x08004c80   0x08004c80   0x00000118   Code   RO         3229    i.atk_frec_add_a_face  ATKFREC.lib(recog.o)
    0x08004d98   0x08004d98   0x00000074   Code   RO         3230    i.atk_frec_binaryzation  ATKFREC.lib(recog.o)
    0x08004e0c   0x08004e0c   0x0000004c   Code   RO         3171    i.atk_frec_delete_data  atk_frec.o
    0x08004e58   0x08004e58   0x00000048   Code   RO         3231    i.atk_frec_destroy  ATKFREC.lib(recog.o)
    0x08004ea0   0x08004ea0   0x0000000e   Code   RO         3172    i.atk_frec_free     atk_frec.o
    0x08004eae   0x08004eae   0x00000002   PAD
    0x08004eb0   0x08004eb0   0x00000090   Code   RO         3232    i.atk_frec_initialization  ATKFREC.lib(recog.o)
    0x08004f40   0x08004f40   0x0000005c   Code   RO         3233    i.atk_frec_load_data_model  ATKFREC.lib(recog.o)
    0x08004f9c   0x08004f9c   0x0000000e   Code   RO         3173    i.atk_frec_malloc   atk_frec.o
    0x08004faa   0x08004faa   0x00000014   Code   RO         3174    i.atk_frec_memset   atk_frec.o
    0x08004fbe   0x08004fbe   0x00000002   PAD
    0x08004fc0   0x08004fc0   0x000000a4   Code   RO         3234    i.atk_frec_normalization  ATKFREC.lib(recog.o)
    0x08005064   0x08005064   0x00000094   Code   RO         3175    i.atk_frec_read_data  atk_frec.o
    0x080050f8   0x080050f8   0x000000e0   Code   RO         3235    i.atk_frec_recognition_face  ATKFREC.lib(recog.o)
    0x080051d8   0x080051d8   0x00000098   Code   RO         3176    i.atk_frec_save_data  atk_frec.o
    0x08005270   0x08005270   0x0000003c   Code   RO         1206    i.beep_init         beep.o
    0x080052ac   0x080052ac   0x0000008a   Code   RO         3050    i.bitext            tjpgd.o
    0x08005336   0x08005336   0x000001ae   Code   RO         3051    i.block_idct        tjpgd.o
    0x080054e4   0x080054e4   0x000001f0   Code   RO         2828    i.bmp_encode        bmp.o
    0x080056d4   0x080056d4   0x00000048   Code   RO         1231    i.btim_timx_int_init  btim.o
    0x0800571c   0x0800571c   0x00000098   Code   RO         3236    i.calcMoveDistMat   ATKFREC.lib(recog.o)
    0x080057b4   0x080057b4   0x000002bc   Code   RO         3237    i.calcOffsetDist    ATKFREC.lib(recog.o)
    0x08005a70   0x08005a70   0x0000008a   Code   RO         1965    i.change_bitmap     ff.o
    0x08005afa   0x08005afa   0x00000002   PAD
    0x08005afc   0x08005afc   0x00000104   Code   RO         1966    i.check_fs          ff.o
    0x08005c00   0x08005c00   0x00000062   Code   RO         1967    i.clmt_clust        ff.o
    0x08005c62   0x08005c62   0x0000000a   Code   RO         1561    i.close_door        pwmdac.o
    0x08005c6c   0x08005c6c   0x0000001a   Code   RO         1968    i.clst2sect         ff.o
    0x08005c86   0x08005c86   0x00000002   PAD
    0x08005c88   0x08005c88   0x00000098   Code   RO         1969    i.cmp_lfn           ff.o
    0x08005d20   0x08005d20   0x000001cc   Code   RO         1970    i.create_chain      ff.o
    0x08005eec   0x08005eec   0x000001c0   Code   RO         3052    i.create_huffman_tbl  tjpgd.o
    0x080060ac   0x080060ac   0x0000025c   Code   RO         1971    i.create_name       ff.o
    0x08006308   0x08006308   0x00000090   Code   RO         1973    i.create_xdir       ff.o
    0x08006398   0x08006398   0x000000c8   Code   RO           16    i.cross             main.o
    0x08006460   0x08006460   0x00000034   Code   RO         1974    i.dbc_1st           ff.o
    0x08006494   0x08006494   0x00000048   Code   RO         1975    i.dbc_2nd           ff.o
    0x080064dc   0x080064dc   0x000000a4   Code   RO         1492    i.dcmi_dma_init     dcmi.o
    0x08006580   0x08006580   0x00000160   Code   RO         1493    i.dcmi_init         dcmi.o
    0x080066e0   0x080066e0   0x00000030   Code   RO         1495    i.dcmi_start        dcmi.o
    0x08006710   0x08006710   0x00000030   Code   RO         1496    i.dcmi_stop         dcmi.o
    0x08006740   0x08006740   0x0000002c   Code   RO          344    i.delay_init        delay.o
    0x0800676c   0x0800676c   0x00000012   Code   RO          345    i.delay_ms          delay.o
    0x0800677e   0x0800677e   0x00000002   PAD
    0x08006780   0x08006780   0x00000048   Code   RO          346    i.delay_us          delay.o
    0x080067c8   0x080067c8   0x0000007c   Code   RO         1976    i.dir_alloc         ff.o
    0x08006844   0x08006844   0x000000c2   Code   RO         1977    i.dir_clear         ff.o
    0x08006906   0x08006906   0x000001a8   Code   RO         1978    i.dir_find          ff.o
    0x08006aae   0x08006aae   0x000000e0   Code   RO         1979    i.dir_next          ff.o
    0x08006b8e   0x08006b8e   0x00000102   Code   RO         1980    i.dir_read          ff.o
    0x08006c90   0x08006c90   0x0000022a   Code   RO         1981    i.dir_register      ff.o
    0x08006eba   0x08006eba   0x00000072   Code   RO         1982    i.dir_remove        ff.o
    0x08006f2c   0x08006f2c   0x000000aa   Code   RO         1983    i.dir_sdi           ff.o
    0x08006fd6   0x08006fd6   0x0000002c   Code   RO         1913    i.disk_initialize   diskio.o
    0x08007002   0x08007002   0x00000002   PAD
    0x08007004   0x08007004   0x000000b0   Code   RO         1914    i.disk_ioctl        diskio.o
    0x080070b4   0x080070b4   0x0000007e   Code   RO         1915    i.disk_read         diskio.o
    0x08007132   0x08007132   0x00000006   Code   RO         1916    i.disk_status       diskio.o
    0x08007138   0x08007138   0x0000007e   Code   RO         1917    i.disk_write        diskio.o
    0x080071b6   0x080071b6   0x00000002   PAD
    0x080071b8   0x080071b8   0x0000002c   Code   RO          277    i.error_say         syn6288.o
    0x080071e4   0x080071e4   0x0000001a   Code   RO         2454    i.exfuns_char_upper  exfuns.o
    0x080071fe   0x080071fe   0x00000002   PAD
    0x08007200   0x08007200   0x000000c0   Code   RO         2456    i.exfuns_file_type  exfuns.o
    0x080072c0   0x080072c0   0x00000044   Code   RO         2461    i.exfuns_init       exfuns.o
    0x08007304   0x08007304   0x00000026   Code   RO         1984    i.f_close           ff.o
    0x0800732a   0x0800732a   0x0000046e   Code   RO         1989    i.f_lseek           ff.o
    0x08007798   0x08007798   0x000001a2   Code   RO         1990    i.f_mkdir           ff.o
    0x0800793a   0x0800793a   0x00000002   PAD
    0x0800793c   0x0800793c   0x00000054   Code   RO         1992    i.f_mount           ff.o
    0x08007990   0x08007990   0x00000312   Code   RO         1993    i.f_open            ff.o
    0x08007ca2   0x08007ca2   0x000000b8   Code   RO         1994    i.f_opendir         ff.o
    0x08007d5a   0x08007d5a   0x00000228   Code   RO         1998    i.f_read            ff.o
    0x08007f82   0x08007f82   0x00000070   Code   RO         1999    i.f_readdir         ff.o
    0x08007ff2   0x08007ff2   0x000001a8   Code   RO         2003    i.f_sync            ff.o
    0x0800819a   0x0800819a   0x000000fc   Code   RO         2005    i.f_unlink          ff.o
    0x08008296   0x08008296   0x00000284   Code   RO         2006    i.f_write           ff.o
    0x0800851a   0x0800851a   0x00000018   Code   RO         3780    i.fabs              m_wm.l(fabs.o)
    0x08008532   0x08008532   0x0000000e   Code   RO         2418    i.ff_memalloc       ffsystem.o
    0x08008540   0x08008540   0x0000000e   Code   RO         2419    i.ff_memfree        ffsystem.o
    0x0800854e   0x0800854e   0x00000002   PAD
    0x08008550   0x08008550   0x00000088   Code   RO         2698    i.ff_oem2uni        myffunicode.o
    0x080085d8   0x080085d8   0x00000084   Code   RO         2699    i.ff_uni2oem        myffunicode.o
    0x0800865c   0x0800865c   0x000000b0   Code   RO         2700    i.ff_wtoupper       myffunicode.o
    0x0800870c   0x0800870c   0x00000036   Code   RO         2007    i.fill_first_frag   ff.o
    0x08008742   0x08008742   0x00000044   Code   RO         2008    i.fill_last_frag    ff.o
    0x08008786   0x08008786   0x000000a4   Code   RO         2009    i.find_bitmap       ff.o
    0x0800882a   0x0800882a   0x00000078   Code   RO         2010    i.find_volume       ff.o
    0x080088a2   0x080088a2   0x000000c4   Code   RO         2011    i.follow_path       ff.o
    0x08008966   0x08008966   0x00000002   PAD
    0x08008968   0x08008968   0x00000040   Code   RO         2735    i.fonts_init        fonts.o
    0x080089a8   0x080089a8   0x00000350   Code   RO         3374    i.four1             ATKFREC.lib(matrix.o)
    0x08008cf8   0x08008cf8   0x0000016c   Code   RO         3375    i.four2             ATKFREC.lib(matrix.o)
    0x08008e64   0x08008e64   0x0000001c   Code   RO          502    i.fputc             usart.o
    0x08008e80   0x08008e80   0x0000009e   Code   RO          247    i.frec_get_image_data  face_recognition.o
    0x08008f1e   0x08008f1e   0x00000042   Code   RO         3376    i.free_matrix       ATKFREC.lib(matrix.o)
    0x08008f60   0x08008f60   0x00000012   Code   RO         3377    i.free_vector       ATKFREC.lib(matrix.o)
    0x08008f72   0x08008f72   0x00000002   PAD
    0x08008f74   0x08008f74   0x000000d4   Code   RO         2012    i.gen_numname       ff.o
    0x08009048   0x08009048   0x00000194   Code   RO         2013    i.get_fat           ff.o
    0x080091dc   0x080091dc   0x00000004   Code   RO         2420    i.get_fattime       ffsystem.o
    0x080091e0   0x080091e0   0x0000027a   Code   RO         2014    i.get_fileinfo      ff.o
    0x0800945a   0x0800945a   0x0000004e   Code   RO         2015    i.get_ldnumber      ff.o
    0x080094a8   0x080094a8   0x00000058   Code   RO         2867    i.gif_check_head    gif.o
    0x08009500   0x08009500   0x000001f4   Code   RO         2868    i.gif_clear2bkcolor  gif.o
    0x080096f4   0x080096f4   0x0000012c   Code   RO         2869    i.gif_decode        gif.o
    0x08009820   0x08009820   0x00000218   Code   RO         2870    i.gif_dispimage     gif.o
    0x08009a38   0x08009a38   0x00000158   Code   RO         2871    i.gif_drawimage     gif.o
    0x08009b90   0x08009b90   0x00000068   Code   RO         2872    i.gif_getdatablock  gif.o
    0x08009bf8   0x08009bf8   0x00000046   Code   RO         2873    i.gif_getinfo       gif.o
    0x08009c3e   0x08009c3e   0x00000358   Code   RO         2874    i.gif_getnextbyte   gif.o
    0x08009f96   0x08009f96   0x00000002   PAD
    0x08009f98   0x08009f98   0x000001c8   Code   RO         2875    i.gif_getnextcode   gif.o
    0x0800a160   0x0800a160   0x0000001c   Code   RO         2876    i.gif_getrgb565     gif.o
    0x0800a17c   0x0800a17c   0x00000098   Code   RO         2877    i.gif_initlzw       gif.o
    0x0800a214   0x0800a214   0x00000040   Code   RO         2879    i.gif_readcolortbl  gif.o
    0x0800a254   0x0800a254   0x000000a0   Code   RO         2880    i.gif_readextension  gif.o
    0x0800a2f4   0x0800a2f4   0x00000026   Code   RO         2881    i.gif_recovergctbl  gif.o
    0x0800a31a   0x0800a31a   0x00000026   Code   RO         2882    i.gif_savegctbl     gif.o
    0x0800a340   0x0800a340   0x00000110   Code   RO         3053    i.huffext           tjpgd.o
    0x0800a450   0x0800a450   0x00000032   Code   RO         2016    i.init_alloc_info   ff.o
    0x0800a482   0x0800a482   0x00000084   Code   RO         3054    i.jd_decomp         tjpgd.o
    0x0800a506   0x0800a506   0x00000002   PAD
    0x0800a508   0x0800a508   0x000002bc   Code   RO         3055    i.jd_prepare        tjpgd.o
    0x0800a7c4   0x0800a7c4   0x000000e0   Code   RO           17    i.jpeg_data_process  main.o
    0x0800a8a4   0x0800a8a4   0x00000020   Code   RO         3056    i.jpeg_freeall      tjpgd.o
    0x0800a8c4   0x0800a8c4   0x0000002e   Code   RO         3057    i.jpeg_in_func      tjpgd.o
    0x0800a8f2   0x0800a8f2   0x00000002   PAD
    0x0800a8f4   0x0800a8f4   0x00000034   Code   RO         3058    i.jpeg_mallocall    tjpgd.o
    0x0800a928   0x0800a928   0x0000003c   Code   RO         3059    i.jpeg_out_func_fill  tjpgd.o
    0x0800a964   0x0800a964   0x000000a8   Code   RO         3060    i.jpeg_out_func_point  tjpgd.o
    0x0800aa0c   0x0800aa0c   0x000000c4   Code   RO         3061    i.jpg_decode        tjpgd.o
    0x0800aad0   0x0800aad0   0x00000094   Code   RO          836    i.key_init          key.o
    0x0800ab64   0x0800ab64   0x000000c8   Code   RO          837    i.key_scan          key.o
    0x0800ac2c   0x0800ac2c   0x00000034   Code   RO          587    i.lcd_clear         lcd.o
    0x0800ac60   0x0800ac60   0x00000060   Code   RO          588    i.lcd_color_fill    lcd.o
    0x0800acc0   0x0800acc0   0x0000016c   Code   RO          589    i.lcd_display_dir   lcd.o
    0x0800ae2c   0x0800ae2c   0x00000038   Code   RO          593    i.lcd_draw_hline    lcd.o
    0x0800ae64   0x0800ae64   0x00000020   Code   RO          595    i.lcd_draw_point    lcd.o
    0x0800ae84   0x0800ae84   0x0000022c   Code   RO          597    i.lcd_ex_ili9341_reginit  lcd.o
    0x0800b0b0   0x0800b0b0   0x00000340   Code   RO          598    i.lcd_ex_ili9806_reginit  lcd.o
    0x0800b3f0   0x0800b3f0   0x00000ef2   Code   RO          599    i.lcd_ex_nt35310_reginit  lcd.o
    0x0800c2e2   0x0800c2e2   0x00000efc   Code   RO          600    i.lcd_ex_nt35510_reginit  lcd.o
    0x0800d1de   0x0800d1de   0x0000016e   Code   RO          601    i.lcd_ex_ssd1963_reginit  lcd.o
    0x0800d34c   0x0800d34c   0x000001a8   Code   RO          602    i.lcd_ex_st7789_reginit  lcd.o
    0x0800d4f4   0x0800d4f4   0x000001c6   Code   RO          603    i.lcd_ex_st7796_reginit  lcd.o
    0x0800d6ba   0x0800d6ba   0x00000002   PAD
    0x0800d6bc   0x0800d6bc   0x00000054   Code   RO          604    i.lcd_fill          lcd.o
    0x0800d710   0x0800d710   0x000005e4   Code   RO          606    i.lcd_init          lcd.o
    0x0800dcf4   0x0800dcf4   0x0000000c   Code   RO          607    i.lcd_opt_delay     lcd.o
    0x0800dd00   0x0800dd00   0x00000018   Code   RO          609    i.lcd_rd_data       lcd.o
    0x0800dd18   0x0800dd18   0x00000098   Code   RO          610    i.lcd_read_point    lcd.o
    0x0800ddb0   0x0800ddb0   0x0000023c   Code   RO          611    i.lcd_scan_dir      lcd.o
    0x0800dfec   0x0800dfec   0x00000120   Code   RO          612    i.lcd_set_cursor    lcd.o
    0x0800e10c   0x0800e10c   0x00000140   Code   RO          614    i.lcd_show_char     lcd.o
    0x0800e24c   0x0800e24c   0x0000006a   Code   RO          616    i.lcd_show_string   lcd.o
    0x0800e2b6   0x0800e2b6   0x00000002   PAD
    0x0800e2b8   0x0800e2b8   0x00000060   Code   RO          618    i.lcd_ssd_backlight_set  lcd.o
    0x0800e318   0x0800e318   0x00000018   Code   RO          619    i.lcd_wr_data       lcd.o
    0x0800e330   0x0800e330   0x00000018   Code   RO          620    i.lcd_wr_regno      lcd.o
    0x0800e348   0x0800e348   0x00000014   Code   RO          621    i.lcd_write_ram_prepare  lcd.o
    0x0800e35c   0x0800e35c   0x00000014   Code   RO          622    i.lcd_write_reg     lcd.o
    0x0800e370   0x0800e370   0x00000026   Code   RO         2017    i.ld_clust          ff.o
    0x0800e396   0x0800e396   0x00000018   Code   RO         2018    i.ld_dword          ff.o
    0x0800e3ae   0x0800e3ae   0x00000062   Code   RO         2019    i.ld_qword          ff.o
    0x0800e410   0x0800e410   0x0000000c   Code   RO         2020    i.ld_word           ff.o
    0x0800e41c   0x0800e41c   0x00000064   Code   RO          563    i.led_init          led.o
    0x0800e480   0x0800e480   0x00000040   Code   RO         2021    i.load_obj_xdir     ff.o
    0x0800e4c0   0x0800e4c0   0x0000010e   Code   RO         2022    i.load_xdir         ff.o
    0x0800e5ce   0x0800e5ce   0x00000010   Code   RO         3645    i.log               m_wm.l(log.o)
    0x0800e5de   0x0800e5de   0x00000002   PAD
    0x0800e5e0   0x0800e5e0   0x000007fc   Code   RO           19    i.main              main.o
    0x0800eddc   0x0800eddc   0x0000006a   Code   RO         3378    i.matrix            ATKFREC.lib(matrix.o)
    0x0800ee46   0x0800ee46   0x00000002   PAD
    0x0800ee48   0x0800ee48   0x00000160   Code   RO         3063    i.mcu_load          tjpgd.o
    0x0800efa8   0x0800efa8   0x00000318   Code   RO         3064    i.mcu_output        tjpgd.o
    0x0800f2c0   0x0800f2c0   0x00000020   Code   RO         2532    i.mf_free           fattester.o
    0x0800f2e0   0x0800f2e0   0x00000040   Code   RO         2535    i.mf_init           fattester.o
    0x0800f320   0x0800f320   0x00000064   Code   RO         2546    i.mf_scan_files     fattester.o
    0x0800f384   0x0800f384   0x00000474   Code   RO         2023    i.mount_volume      ff.o
    0x0800f7f8   0x0800f7f8   0x00000034   Code   RO         2024    i.move_window       ff.o
    0x0800f82c   0x0800f82c   0x0000006c   Code   RO         1832    i.my_mem_free       malloc.o
    0x0800f898   0x0800f898   0x00000030   Code   RO         1833    i.my_mem_init       malloc.o
    0x0800f8c8   0x0800f8c8   0x000000a8   Code   RO         1834    i.my_mem_malloc     malloc.o
    0x0800f970   0x0800f970   0x00000040   Code   RO         1835    i.my_mem_perused    malloc.o
    0x0800f9b0   0x0800f9b0   0x00000014   Code   RO         1836    i.my_mem_set        malloc.o
    0x0800f9c4   0x0800f9c4   0x00000024   Code   RO         1837    i.myfree            malloc.o
    0x0800f9e8   0x0800f9e8   0x00000028   Code   RO         1838    i.mymalloc          malloc.o
    0x0800fa10   0x0800fa10   0x0000003c   Code   RO         1111    i.norflash_erase_sector  norflash.o
    0x0800fa4c   0x0800fa4c   0x00000098   Code   RO         1112    i.norflash_init     norflash.o
    0x0800fae4   0x0800fae4   0x00000048   Code   RO         1113    i.norflash_read     norflash.o
    0x0800fb2c   0x0800fb2c   0x00000048   Code   RO         1114    i.norflash_read_id  norflash.o
    0x0800fb74   0x0800fb74   0x00000054   Code   RO         1115    i.norflash_read_sr  norflash.o
    0x0800fbc8   0x0800fbc8   0x00000034   Code   RO         1116    i.norflash_send_address  norflash.o
    0x0800fbfc   0x0800fbfc   0x00000014   Code   RO         1117    i.norflash_wait_busy  norflash.o
    0x0800fc10   0x0800fc10   0x000000b8   Code   RO         1118    i.norflash_write    norflash.o
    0x0800fcc8   0x0800fcc8   0x00000024   Code   RO         1119    i.norflash_write_enable  norflash.o
    0x0800fcec   0x0800fcec   0x00000046   Code   RO         1120    i.norflash_write_nocheck  norflash.o
    0x0800fd32   0x0800fd32   0x00000002   PAD
    0x0800fd34   0x0800fd34   0x00000050   Code   RO         1121    i.norflash_write_page  norflash.o
    0x0800fd84   0x0800fd84   0x00000050   Code   RO         1122    i.norflash_write_sr  norflash.o
    0x0800fdd4   0x0800fdd4   0x0000001e   Code   RO         1562    i.open_door         pwmdac.o
    0x0800fdf2   0x0800fdf2   0x00000002   PAD
    0x0800fdf4   0x0800fdf4   0x00000030   Code   RO          278    i.open_say          syn6288.o
    0x0800fe24   0x0800fe24   0x00000138   Code   RO         1317    i.ov2640_init       ov2640.o
    0x0800ff5c   0x0800ff5c   0x00000088   Code   RO         1320    i.ov2640_outsize_set  ov2640.o
    0x0800ffe4   0x0800ffe4   0x0000004e   Code   RO         1321    i.ov2640_read_reg   ov2640.o
    0x08010032   0x08010032   0x00000002   PAD
    0x08010034   0x08010034   0x00000028   Code   RO         1322    i.ov2640_rgb565_mode  ov2640.o
    0x0801005c   0x0801005c   0x0000004a   Code   RO         1325    i.ov2640_write_reg  ov2640.o
    0x080100a6   0x080100a6   0x00000002   PAD
    0x080100a8   0x080100a8   0x0000008c   Code   RO         2025    i.pick_lfn          ff.o
    0x08010134   0x08010134   0x000000e0   Code   RO         2978    i.piclib_ai_draw_init  piclib.o
    0x08010214   0x08010214   0x000000d0   Code   RO         2979    i.piclib_ai_load_picfile  piclib.o
    0x080102e4   0x080102e4   0x0000002c   Code   RO         2981    i.piclib_fill_color  piclib.o
    0x08010310   0x08010310   0x0000005c   Code   RO         2982    i.piclib_init       piclib.o
    0x0801036c   0x0801036c   0x00000028   Code   RO         3034    i.piclib_is_element_ok  piclib.o
    0x08010394   0x08010394   0x0000000e   Code   RO         2983    i.piclib_mem_free   piclib.o
    0x080103a2   0x080103a2   0x0000000e   Code   RO         2984    i.piclib_mem_malloc  piclib.o
    0x080103b0   0x080103b0   0x00000002   Code   RO         3315    i.printMatrixCreate  ATKFREC.lib(gabor.o)
    0x080103b2   0x080103b2   0x00000144   Code   RO         2026    i.put_fat           ff.o
    0x080104f6   0x080104f6   0x00000002   PAD
    0x080104f8   0x080104f8   0x00000080   Code   RO         2027    i.put_lfn           ff.o
    0x08010578   0x08010578   0x00000042   Code   RO         2028    i.put_utf           ff.o
    0x080105ba   0x080105ba   0x00000002   PAD
    0x080105bc   0x080105bc   0x00000104   Code   RO         1563    i.pwmdac_init       pwmdac.o
    0x080106c0   0x080106c0   0x00000006   Code   RO         1603    i.read_addr         usmart.o
    0x080106c6   0x080106c6   0x0000014a   Code   RO         2032    i.remove_chain      ff.o
    0x08010810   0x08010810   0x00000082   Code   RO         3065    i.restart           tjpgd.o
    0x08010892   0x08010892   0x0000000a   Code   RO         1430    i.sccb_delay        sccb.o
    0x0801089c   0x0801089c   0x00000054   Code   RO         1431    i.sccb_init         sccb.o
    0x080108f0   0x080108f0   0x00000034   Code   RO         1432    i.sccb_nack         sccb.o
    0x08010924   0x08010924   0x00000048   Code   RO         1433    i.sccb_read_byte    sccb.o
    0x0801096c   0x0801096c   0x00000078   Code   RO         1434    i.sccb_send_byte    sccb.o
    0x080109e4   0x080109e4   0x0000003c   Code   RO         1435    i.sccb_start        sccb.o
    0x08010a20   0x08010a20   0x00000034   Code   RO         1436    i.sccb_stop         sccb.o
    0x08010a54   0x08010a54   0x000001d4   Code   RO          915    i.sd_init           sdio_sdcard.o
    0x08010c28   0x08010c28   0x00000040   Code   RO          916    i.sd_read_disk      sdio_sdcard.o
    0x08010c68   0x08010c68   0x00000040   Code   RO          917    i.sd_write_disk     sdio_sdcard.o
    0x08010ca8   0x08010ca8   0x00000014   Code   RO          918    i.sdmmc_clock_set   sdio_sdcard.o
    0x08010cbc   0x08010cbc   0x00000038   Code   RO          919    i.sdmmc_cmd_error   sdio_sdcard.o
    0x08010cf4   0x08010cf4   0x0000007c   Code   RO          920    i.sdmmc_cmd_resp1_error  sdio_sdcard.o
    0x08010d70   0x08010d70   0x00000068   Code   RO          921    i.sdmmc_cmd_resp2_error  sdio_sdcard.o
    0x08010dd8   0x08010dd8   0x0000004c   Code   RO          922    i.sdmmc_cmd_resp3_error  sdio_sdcard.o
    0x08010e24   0x08010e24   0x000000b0   Code   RO          923    i.sdmmc_cmd_resp6_error  sdio_sdcard.o
    0x08010ed4   0x08010ed4   0x0000005c   Code   RO          924    i.sdmmc_cmd_resp7_error  sdio_sdcard.o
    0x08010f30   0x08010f30   0x00000140   Code   RO          925    i.sdmmc_find_scr    sdio_sdcard.o
    0x08011070   0x08011070   0x00000310   Code   RO          926    i.sdmmc_get_card_info  sdio_sdcard.o
    0x08011380   0x08011380   0x00000114   Code   RO          928    i.sdmmc_initialize_cards  sdio_sdcard.o
    0x08011494   0x08011494   0x000000a0   Code   RO          929    i.sdmmc_is_card_programming  sdio_sdcard.o
    0x08011534   0x08011534   0x00000170   Code   RO          930    i.sdmmc_power_on    sdio_sdcard.o
    0x080116a4   0x080116a4   0x00000204   Code   RO          931    i.sdmmc_read_blocks  sdio_sdcard.o
    0x080118a8   0x080118a8   0x00000016   Code   RO          932    i.sdmmc_select_deselect  sdio_sdcard.o
    0x080118be   0x080118be   0x00000002   PAD
    0x080118c0   0x080118c0   0x00000028   Code   RO          933    i.sdmmc_send_cmd    sdio_sdcard.o
    0x080118e8   0x080118e8   0x00000038   Code   RO          934    i.sdmmc_send_data_cfg  sdio_sdcard.o
    0x08011920   0x08011920   0x00000084   Code   RO          936    i.sdmmc_wide_bus_enable  sdio_sdcard.o
    0x080119a4   0x080119a4   0x00000060   Code   RO          937    i.sdmmc_wide_bus_operation  sdio_sdcard.o
    0x08011a04   0x08011a04   0x000002e0   Code   RO          938    i.sdmmc_write_blocks  sdio_sdcard.o
    0x08011ce4   0x08011ce4   0x000000e0   Code   RO         1071    i.spi1_init         spi.o
    0x08011dc4   0x08011dc4   0x00000030   Code   RO         1072    i.spi1_read_write_byte  spi.o
    0x08011df4   0x08011df4   0x00000034   Code   RO         1073    i.spi1_set_speed    spi.o
    0x08011e28   0x08011e28   0x0000006e   Code   RO         3697    i.sqrt              m_wm.l(sqrt.o)
    0x08011e96   0x08011e96   0x00000002   PAD
    0x08011e98   0x08011e98   0x000001b4   Code   RO          867    i.sram_init         sram.o
    0x0801204c   0x0801204c   0x00000024   Code   RO         2033    i.st_clust          ff.o
    0x08012070   0x08012070   0x00000018   Code   RO         2034    i.st_dword          ff.o
    0x08012088   0x08012088   0x0000005c   Code   RO         2035    i.st_qword          ff.o
    0x080120e4   0x080120e4   0x0000000c   Code   RO         2036    i.st_word           ff.o
    0x080120f0   0x080120f0   0x000002dc   Code   RO         2830    i.stdbmp_decode     bmp.o
    0x080123cc   0x080123cc   0x00000072   Code   RO         2037    i.store_xdir        ff.o
    0x0801243e   0x0801243e   0x00000020   Code   RO         2038    i.sum_sfn           ff.o
    0x0801245e   0x0801245e   0x00000002   PAD
    0x08012460   0x08012460   0x0000003c   Code   RO           21    i.sw_ov2640_mode    main.o
    0x0801249c   0x0801249c   0x0000003c   Code   RO           22    i.sw_sdcard_mode    main.o
    0x080124d8   0x080124d8   0x0000008c   Code   RO         2039    i.sync_fs           ff.o
    0x08012564   0x08012564   0x0000004a   Code   RO         2040    i.sync_window       ff.o
    0x080125ae   0x080125ae   0x00000002   PAD
    0x080125b0   0x080125b0   0x0000018c   Code   RO          382    i.sys_clock_set     sys.o
    0x0801273c   0x0801273c   0x00000068   Code   RO          383    i.sys_gpio_af_set   sys.o
    0x080127a4   0x080127a4   0x00000010   Code   RO          384    i.sys_gpio_pin_get  sys.o
    0x080127b4   0x080127b4   0x00000018   Code   RO          385    i.sys_gpio_pin_set  sys.o
    0x080127cc   0x080127cc   0x000000de   Code   RO          386    i.sys_gpio_set      sys.o
    0x080128aa   0x080128aa   0x00000004   Code   RO          387    i.sys_intx_disable  sys.o
    0x080128ae   0x080128ae   0x00000004   Code   RO          388    i.sys_intx_enable   sys.o
    0x080128b2   0x080128b2   0x00000002   PAD
    0x080128b4   0x080128b4   0x00000078   Code   RO          391    i.sys_nvic_init     sys.o
    0x0801292c   0x0801292c   0x00000028   Code   RO          392    i.sys_nvic_priority_group_config  sys.o
    0x08012954   0x08012954   0x00000010   Code   RO          393    i.sys_nvic_set_vector_table  sys.o
    0x08012964   0x08012964   0x00000040   Code   RO          396    i.sys_stm32_clock_init  sys.o
    0x080129a4   0x080129a4   0x0000004c   Code   RO         2041    i.tchar2uni         ff.o
    0x080129f0   0x080129f0   0x000000e0   Code   RO         2787    i.text_get_hz_mat   text.o
    0x08012ad0   0x08012ad0   0x000000e0   Code   RO         2788    i.text_show_font    text.o
    0x08012bb0   0x08012bb0   0x000000c6   Code   RO         2789    i.text_show_string  text.o
    0x08012c76   0x08012c76   0x00000002   PAD
    0x08012c78   0x08012c78   0x000000bc   Code   RO         1264    i.usart2_init       usart2.o
    0x08012d34   0x08012d34   0x000000e0   Code   RO          503    i.usart_init        usart.o
    0x08012e14   0x08012e14   0x000000b0   Code   RO         1604    i.usmart_cmd_rec    usmart.o
    0x08012ec4   0x08012ec4   0x000002d4   Code   RO         1605    i.usmart_exe        usmart.o
    0x08013198   0x08013198   0x000000d4   Code   RO         1747    i.usmart_get_aparm  usmart_str.o
    0x0801326c   0x0801326c   0x00000036   Code   RO         1748    i.usmart_get_cmdname  usmart_str.o
    0x080132a2   0x080132a2   0x00000002   PAD
    0x080132a4   0x080132a4   0x000001c0   Code   RO         1749    i.usmart_get_fname  usmart_str.o
    0x08013464   0x08013464   0x0000010c   Code   RO         1750    i.usmart_get_fparam  usmart_str.o
    0x08013570   0x08013570   0x00000028   Code   RO         1700    i.usmart_get_input_string  usmart_port.o
    0x08013598   0x08013598   0x00000020   Code   RO         1751    i.usmart_get_parmpos  usmart_str.o
    0x080135b8   0x080135b8   0x00000018   Code   RO         1606    i.usmart_init       usmart.o
    0x080135d0   0x080135d0   0x00000016   Code   RO         1752    i.usmart_pow        usmart_str.o
    0x080135e6   0x080135e6   0x00000002   PAD
    0x080135e8   0x080135e8   0x000000a8   Code   RO         1607    i.usmart_scan       usmart.o
    0x08013690   0x08013690   0x00000016   Code   RO         1753    i.usmart_search_nextc  usmart_str.o
    0x080136a6   0x080136a6   0x00000106   Code   RO         1754    i.usmart_str2num    usmart_str.o
    0x080137ac   0x080137ac   0x00000022   Code   RO         1755    i.usmart_strcmp     usmart_str.o
    0x080137ce   0x080137ce   0x00000016   Code   RO         1756    i.usmart_strcopy    usmart_str.o
    0x080137e4   0x080137e4   0x00000018   Code   RO         1757    i.usmart_strlen     usmart_str.o
    0x080137fc   0x080137fc   0x000006f4   Code   RO         1608    i.usmart_sys_cmd_exe  usmart.o
    0x08013ef0   0x08013ef0   0x00000040   Code   RO         1701    i.usmart_timx_get_time  usmart_port.o
    0x08013f30   0x08013f30   0x00000068   Code   RO         1702    i.usmart_timx_init  usmart_port.o
    0x08013f98   0x08013f98   0x00000030   Code   RO         1703    i.usmart_timx_reset_time  usmart_port.o
    0x08013fc8   0x08013fc8   0x0000003c   Code   RO         2042    i.validate          ff.o
    0x08014004   0x08014004   0x00000036   Code   RO         3379    i.vector            ATKFREC.lib(matrix.o)
    0x0801403a   0x0801403a   0x00000004   Code   RO         1609    i.write_addr        usmart.o
    0x0801403e   0x0801403e   0x0000003a   Code   RO         2043    i.xdir_sum          ff.o
    0x08014078   0x08014078   0x0000004c   Code   RO         2044    i.xname_sum         ff.o
    0x080140c4   0x080140c4   0x00000018   Code   RO         3742    x$fpl$basic         fz_wm.l(basic.o)
    0x080140dc   0x080140dc   0x00000062   Code   RO         3579    x$fpl$d2f           fz_wm.l(d2f.o)
    0x0801413e   0x0801413e   0x00000002   PAD
    0x08014140   0x08014140   0x00000150   Code   RO         3581    x$fpl$dadd          fz_wm.l(daddsub_clz.o)
    0x08014290   0x08014290   0x00000010   Code   RO         3834    x$fpl$dcheck1       fz_wm.l(dcheck1.o)
    0x080142a0   0x080142a0   0x00000018   Code   RO         3836    x$fpl$dcmpinf       fz_wm.l(dcmpi.o)
    0x080142b8   0x080142b8   0x000002b0   Code   RO         3588    x$fpl$ddiv          fz_wm.l(ddiv.o)
    0x08014568   0x08014568   0x00000078   Code   RO         3744    x$fpl$deqf          fz_wm.l(deqf.o)
    0x080145e0   0x080145e0   0x0000005e   Code   RO         3591    x$fpl$dfix          fz_wm.l(dfix.o)
    0x0801463e   0x0801463e   0x00000002   PAD
    0x08014640   0x08014640   0x0000005a   Code   RO         3595    x$fpl$dfixu         fz_wm.l(dfixu.o)
    0x0801469a   0x0801469a   0x0000002e   Code   RO         3600    x$fpl$dflt          fz_wm.l(dflt_clz.o)
    0x080146c8   0x080146c8   0x00000026   Code   RO         3599    x$fpl$dfltu         fz_wm.l(dflt_clz.o)
    0x080146ee   0x080146ee   0x00000002   PAD
    0x080146f0   0x080146f0   0x00000078   Code   RO         3746    x$fpl$dleqf         fz_wm.l(dleqf.o)
    0x08014768   0x08014768   0x00000154   Code   RO         3605    x$fpl$dmul          fz_wm.l(dmul.o)
    0x080148bc   0x080148bc   0x0000009c   Code   RO         3748    x$fpl$dnaninf       fz_wm.l(dnaninf.o)
    0x08014958   0x08014958   0x0000000c   Code   RO         3750    x$fpl$dretinf       fz_wm.l(dretinf.o)
    0x08014964   0x08014964   0x0000006c   Code   RO         3607    x$fpl$drleqf        fz_wm.l(drleqf.o)
    0x080149d0   0x080149d0   0x00000016   Code   RO         3582    x$fpl$drsb          fz_wm.l(daddsub_clz.o)
    0x080149e6   0x080149e6   0x00000002   PAD
    0x080149e8   0x080149e8   0x00000198   Code   RO         3752    x$fpl$dsqrt         fz_wm.l(dsqrt_umaal.o)
    0x08014b80   0x08014b80   0x000001d4   Code   RO         3583    x$fpl$dsub          fz_wm.l(daddsub_clz.o)
    0x08014d54   0x08014d54   0x00000056   Code   RO         3609    x$fpl$f2d           fz_wm.l(f2d.o)
    0x08014daa   0x08014daa   0x0000008c   Code   RO         3754    x$fpl$fnaninf       fz_wm.l(fnaninf.o)
    0x08014e36   0x08014e36   0x0000000a   Code   RO         3925    x$fpl$fpinit        fz_wm.l(fpinit.o)
    0x08014e40   0x08014e40   0x0000000a   Code   RO         3756    x$fpl$fretinf       fz_wm.l(fretinf.o)
    0x08014e4a   0x08014e4a   0x00000064   Code   RO         3855    x$fpl$retnan        fz_wm.l(retnan.o)
    0x08014eae   0x08014eae   0x0000005c   Code   RO         3758    x$fpl$scalbn        fz_wm.l(scalbn.o)
    0x08014f0a   0x08014f0a   0x00000030   Code   RO         3910    x$fpl$trapveneer    fz_wm.l(trapv.o)
    0x08014f3a   0x08014f3a   0x00000000   Code   RO         3760    x$fpl$usenofp       fz_wm.l(usenofp.o)
    0x08014f3a   0x08014f3a   0x00002f80   Data   RO          624    .constdata          lcd.o
    0x08017eba   0x08017eba   0x00000328   Data   RO         1326    .constdata          ov2640.o
    0x080181e2   0x080181e2   0x00000002   PAD
    0x080181e4   0x080181e4   0x00000024   Data   RO         1845    .constdata          malloc.o
    0x08018208   0x08018208   0x00000058   Data   RO         2046    .constdata          ff.o
    0x08018260   0x08018260   0x000000c4   Data   RO         2462    .constdata          exfuns.o
    0x08018324   0x08018324   0x000002ae   Data   RO         2701    .constdata          myffunicode.o
    0x080185d2   0x080185d2   0x00000028   Data   RO         2883    .constdata          gif.o
    0x080185fa   0x080185fa   0x000004c0   Data   RO         3066    .constdata          tjpgd.o
    0x08018aba   0x08018aba   0x00000028   Data   RO         3509    .constdata          c_w.l(_printf_hex_int.o)
    0x08018ae2   0x08018ae2   0x00000011   Data   RO         3544    .constdata          c_w.l(__printf_flags_ss_wp.o)
    0x08018af3   0x08018af3   0x00000005   PAD
    0x08018af8   0x08018af8   0x00000058   Data   RO         3632    .constdata          m_wm.l(exp.o)
    0x08018b50   0x08018b50   0x00000038   Data   RO         3646    .constdata          m_wm.l(log.o)
    0x08018b88   0x08018b88   0x00000088   Data   RO         3672    .constdata          m_wm.l(pow.o)
    0x08018c10   0x08018c10   0x00000030   Data   RO         3762    .constdata          m_wm.l(cos_i.o)
    0x08018c40   0x08018c40   0x00000008   Data   RO         3788    .constdata          m_wm.l(qnan.o)
    0x08018c48   0x08018c48   0x000000c8   Data   RO         3791    .constdata          m_wm.l(rred.o)
    0x08018d10   0x08018d10   0x00000028   Data   RO         3795    .constdata          m_wm.l(sin_i.o)
    0x08018d38   0x08018d38   0x00000060   Data   RO         3801    .constdata          m_wm.l(tan_i.o)
    0x08018d98   0x08018d98   0x00000028   Data   RO         1610    .conststring        usmart.o
    0x08018dc0   0x08018dc0   0x0000021e   Data   RO         1670    .conststring        usmart_config.o
    0x08018fde   0x08018fde   0x00000002   PAD
    0x08018fe0   0x08018fe0   0x00000054   Data   RO         2463    .conststring        exfuns.o
    0x08019034   0x08019034   0x00000020   Data   RO         3976    Region$$Table       anon$$obj.o


    Execution Region RW_IRAM1 (Exec base: 0x20000000, Load base: 0x08019054, Size: 0x0001c310, Max: 0x00020000, ABSOLUTE, COMPRESSED[0x0000009c])

    Exec Addr    Load Addr    Size         Type   Attr      Idx    E Section Name        Object

    0x20000000   COMPRESSED   0x00000018   Data   RW           23    .data               main.o
    0x20000018   COMPRESSED   0x00000004   Data   RW          347    .data               delay.o
    0x2000001c   COMPRESSED   0x00000006   Data   RW          505    .data               usart.o
    0x20000022   COMPRESSED   0x00000002   PAD
    0x20000024   COMPRESSED   0x00000008   Data   RW          625    .data               lcd.o
    0x2000002c   COMPRESSED   0x00000001   Data   RW          838    .data               key.o
    0x2000002d   COMPRESSED   0x00000003   PAD
    0x20000030   COMPRESSED   0x00000008   Data   RW          940    .data               sdio_sdcard.o
    0x20000038   COMPRESSED   0x00000002   Data   RW         1124    .data               norflash.o
    0x2000003a   COMPRESSED   0x00000002   PAD
    0x2000003c   COMPRESSED   0x00000008   Data   RW         1497    .data               dcmi.o
    0x20000044   COMPRESSED   0x0000001c   Data   RW         1611    .data               usmart.o
    0x20000060   COMPRESSED   0x00000144   Data   RW         1671    .data               usmart_config.o
    0x200001a4   COMPRESSED   0x00000024   Data   RW         1846    .data               malloc.o
    0x200001c8   COMPRESSED   0x0000000a   Data   RW         2047    .data               ff.o
    0x200001d2   COMPRESSED   0x00000002   PAD
    0x200001d4   COMPRESSED   0x00000008   Data   RW         2464    .data               exfuns.o
    0x200001dc   COMPRESSED   0x00000001   Data   RW         2884    .data               gif.o
    0x200001dd   COMPRESSED   0x00000003   PAD
    0x200001e0   COMPRESSED   0x0000000c   Data   RW         3067    .data               tjpgd.o
    0x200001ec   COMPRESSED   0x00000004   Data   RW         3239    .data               ATKFREC.lib(recog.o)
    0x200001f0   COMPRESSED   0x00000040   Data   RW         3316    .data               ATKFREC.lib(gabor.o)
    0x20000230   COMPRESSED   0x0000001c   Data   RW         3380    .data               ATKFREC.lib(matrix.o)
    0x2000024c        -       0x000000c8   Zero   RW          504    .bss                usart.o
    0x20000314        -       0x0000000e   Zero   RW          623    .bss                lcd.o
    0x20000322   COMPRESSED   0x00000006   PAD
    0x20000328        -       0x00000078   Zero   RW          939    .bss                sdio_sdcard.o
    0x200003a0        -       0x00001000   Zero   RW         1123    .bss                norflash.o
    0x200013a0   COMPRESSED   0x00000020   PAD
    0x200013c0        -       0x0001a900   Zero   RW         1844    .bss                malloc.o
    0x2001bcc0        -       0x00000180   Zero   RW         2553    .bss                fattester.o
    0x2001be40        -       0x00000021   Zero   RW         2739    .bss                fonts.o
    0x2001be61   COMPRESSED   0x00000003   PAD
    0x2001be64        -       0x0000003c   Zero   RW         2985    .bss                piclib.o
    0x2001bea0        -       0x00000010   Zero   RW         3238    .bss                ATKFREC.lib(recog.o)
    0x2001beb0        -       0x00000060   Zero   RW         3839    .bss                c_w.l(libspace.o)
    0x2001bf10        -       0x00000000   Zero   RW            2    HEAP                startup_stm32f407xx.o
    0x2001bf10        -       0x00000400   Zero   RW            1    STACK               startup_stm32f407xx.o



  Load Region LR$$.ARM.__AT_0x10000000 (Base: 0x10000000, Size: 0x00000000, Max: 0x0000f000, ABSOLUTE)

    Execution Region ER$$.ARM.__AT_0x10000000 (Exec base: 0x10000000, Load base: 0x10000000, Size: 0x0000f000, Max: 0x0000f000, ABSOLUTE, UNINIT)

    Exec Addr    Load Addr    Size         Type   Attr      Idx    E Section Name        Object

    0x10000000        -       0x0000f000   Zero   RW         1840    .ARM.__AT_0x10000000  malloc.o



  Load Region LR$$.ARM.__AT_0x1000F000 (Base: 0x1000f000, Size: 0x00000000, Max: 0x00000f00, ABSOLUTE)

    Execution Region ER$$.ARM.__AT_0x1000F000 (Exec base: 0x1000f000, Load base: 0x1000f000, Size: 0x00000f00, Max: 0x00000f00, ABSOLUTE, UNINIT)

    Exec Addr    Load Addr    Size         Type   Attr      Idx    E Section Name        Object

    0x1000f000        -       0x00000f00   Zero   RW         1841    .ARM.__AT_0x1000F000  malloc.o



  Load Region LR$$.ARM.__AT_0x68000000 (Base: 0x68000000, Size: 0x00000000, Max: 0x000f0c00, ABSOLUTE)

    Execution Region ER$$.ARM.__AT_0x68000000 (Exec base: 0x68000000, Load base: 0x68000000, Size: 0x000f0c00, Max: 0x000f0c00, ABSOLUTE, UNINIT)

    Exec Addr    Load Addr    Size         Type   Attr      Idx    E Section Name        Object

    0x68000000        -       0x000f0c00   Zero   RW         1842    .ARM.__AT_0x68000000  malloc.o



  Load Region LR$$.ARM.__AT_0x680F0C00 (Base: 0x680f0c00, Size: 0x00000000, Max: 0x0000f0c0, ABSOLUTE)

    Execution Region ER$$.ARM.__AT_0x680F0C00 (Exec base: 0x680f0c00, Load base: 0x680f0c00, Size: 0x0000f0c0, Max: 0x0000f0c0, ABSOLUTE, UNINIT)

    Exec Addr    Load Addr    Size         Type   Attr      Idx    E Section Name        Object

    0x680f0c00        -       0x0000f0c0   Zero   RW         1843    .ARM.__AT_0x680F0C00  malloc.o


==============================================================================

Image component sizes


      Code (inc. data)   RO Data    RW Data    ZI Data      Debug   Object Name

       424         98          0          0          0       7725   atk_frec.o
        60         10          0          0          0        544   beep.o
      1228         16          0          0          0       5217   bmp.o
       140         36          0          0          0       1239   btim.o
       724         76          0          8          0       4519   dcmi.o
       134         10          0          4          0       2151   delay.o
       478          6          0          0          0       5718   diskio.o
       286         10        280          8          0       3424   exfuns.o
       158          0          0          0          0       1294   face_recognition.o
       196         38          0          0        384       3304   fattester.o
     14156        110         88         10          0      85280   ff.o
        32          0          0          0          0       1821   ffsystem.o
        64          4          0          0         33       2322   fonts.o
      3734         24         40          1          0      14612   gif.o
       348         26          0          1          0       1318   key.o
     14144        188      12160          8         14      28140   lcd.o
       100         10          0          0          0        551   led.o
      2672        532          0         24          0     575585   main.o
       484         54         36         36    1221824       7103   malloc.o
       444         32        686          0          0       3156   myffunicode.o
       962         56          0          2       4096       9128   norflash.o
       640         40        808          0          0       5265   ov2640.o
       636         60          0          0         60       6880   piclib.o
       300          8          0          0          0       1803   pwmdac.o
       450         36          0          0          0       4147   sccb.o
      4750        262          0          8        120      28738   sdio_sdcard.o
       324         24          0          0          0       1832   spi.o
       436         24          0          0          0        660   sram.o
        68         24        392          0       1024       1020   startup_stm32f407xx.o
       262        104          0          0          0       2979   syn6288.o
      1010         36          0          0          0       8115   sys.o
       646         10          0          0          0       3864   text.o
      3982         96       1216         12          0      21275   tjpgd.o
       384         36          0          6        200       4541   usart.o
       244         24          0          0          0       2352   usart2.o
      2882       1310         40         28          0       6434   usmart.o
         0          0        542        324          0       1768   usmart_config.o
       316         48          0          0          0       3023   usmart_port.o
      1400         20          0          0          0       9993   usmart_str.o

    ----------------------------------------------------------------------
     59762       3498      16324        492    1227796     878840   Object Totals
         0          0         32          0          0          0   (incl. Generated)
        64          0          4         12         41          0   (incl. Padding)

    ----------------------------------------------------------------------

      Code (inc. data)   RO Data    RW Data    ZI Data      Debug   Library Member Name

      4760        396          0         64          0       7253   gabor.o
      3154        156          0         28          0      14449   matrix.o
      1944        102          0          4         16       9834   recog.o
        90          0          0          0          0          0   __dczerorl2.o
         8          0          0          0          0         68   __main.o
       392          4         17          0          0         92   __printf_flags_ss_wp.o
        14          0          0          0          0         68   __printf_wp.o
         0          0          0          0          0          0   __rtentry.o
        12          0          0          0          0          0   __rtentry2.o
         6          0          0          0          0          0   __rtentry4.o
        52          8          0          0          0          0   __scatter.o
        28          0          0          0          0          0   __scatter_zi.o
         6          0          0          0          0          0   _printf_c.o
        44          0          0          0          0        108   _printf_char.o
        48          6          0          0          0         96   _printf_char_common.o
        36          4          0          0          0         80   _printf_char_file.o
         6          0          0          0          0          0   _printf_d.o
       120         16          0          0          0         92   _printf_dec.o
        88          4         40          0          0         88   _printf_hex_int.o
       178          0          0          0          0         88   _printf_intcommon.o
        78          0          0          0          0        108   _printf_pad.o
         0          0          0          0          0          0   _printf_percent.o
         4          0          0          0          0          0   _printf_percent_end.o
         6          0          0          0          0          0   _printf_s.o
        82          0          0          0          0         80   _printf_str.o
         6          0          0          0          0          0   _printf_u.o
         6          0          0          0          0          0   _printf_x.o
        22          0          0          0          0        100   _rserrno.o
        10          0          0          0          0         68   _sputc.o
        16          0          0          0          0         68   aeabi_memset.o
        18          0          0          0          0         80   exit.o
         8          0          0          0          0         68   ferror.o
         6          0          0          0          0        152   heapauxi.o
         2          0          0          0          0          0   libinit.o
         6          0          0          0          0          0   libinit2.o
         2          0          0          0          0          0   libshutdown.o
         2          0          0          0          0          0   libshutdown2.o
         8          4          0          0         96         68   libspace.o
        72          0          0          0          0         76   llsdiv.o
       238          0          0          0          0        100   lludivv7m.o
        88          0          0          0          0         76   memcmp.o
        24          4          0          0          0         84   noretval__2printf.o
        40          6          0          0          0         84   noretval__2sprintf.o
         8          4          0          0          0         68   rt_errno_addr_intlibspace.o
        68          0          0          0          0         68   rt_memclr.o
        78          0          0          0          0         80   rt_memclr_w.o
       138          0          0          0          0         68   rt_memcpy_v6.o
       100          0          0          0          0         80   rt_memcpy_w.o
         2          0          0          0          0          0   rtexit.o
        10          0          0          0          0          0   rtexit2.o
        20          0          0          0          0         68   strchr.o
       128          0          0          0          0         68   strcmpv7m.o
        72          0          0          0          0         80   strcpy.o
        62          0          0          0          0         76   strlen.o
        74          0          0          0          0         80   sys_stackheap_outer.o
         2          0          0          0          0         68   use_no_semi.o
         2          0          0          0          0         68   use_no_semi_2.o
        24          0          0          0          0        164   basic.o
        98          4          0          0          0        140   d2f.o
       826         16          0          0          0        492   daddsub_clz.o
        16          4          0          0          0        116   dcheck1.o
        24          0          0          0          0        116   dcmpi.o
       688        140          0          0          0        256   ddiv.o
       120          4          0          0          0        140   deqf.o
        94          4          0          0          0        140   dfix.o
        90          4          0          0          0        140   dfixu.o
        84          0          0          0          0        232   dflt_clz.o
       120          4          0          0          0        140   dleqf.o
       340         12          0          0          0        152   dmul.o
       156          4          0          0          0        140   dnaninf.o
        12          0          0          0          0        116   dretinf.o
       108          0          0          0          0        128   drleqf.o
       408         56          0          0          0        168   dsqrt_umaal.o
        86          4          0          0          0        132   f2d.o
       140          4          0          0          0        132   fnaninf.o
        10          0          0          0          0        116   fpinit.o
        10          0          0          0          0        116   fretinf.o
       100          0          0          0          0        116   retnan.o
        92          0          0          0          0        116   scalbn.o
        48          0          0          0          0        116   trapv.o
         0          0          0          0          0          0   usenofp.o
       280         28          0          0          0        156   ceil.o
       200         20          0          0          0        164   cos.o
       368         46         48          0          0        200   cos_i.o
       184         44          0          0          0        744   dunder.o
       856        142         88          0          0        288   exp.o
        24          0          0          0          0        124   fabs.o
        48          0          0          0          0        124   fpclassify.o
       980         92         56          0          0        440   log.o
       304         44          0          0          0        200   log10.o
       248          0          0          0          0        152   poly.o
      3152        296        136          0          0        352   pow.o
         0          0          8          0          0          0   qnan.o
      1080        142        200          0          0        188   rred.o
       200         20          0          0          0        164   sin.o
       304         24         40          0          0        208   sin_i.o
       232          0          0          0          0        296   sqrt.o
       128         20          0          0          0        144   tan.o
       848         84         96          0          0        196   tan_i.o

    ----------------------------------------------------------------------
     25664       1980        734         96        112      42164   Library Totals
        40          4          5          0          0          0   (incl. Padding)

    ----------------------------------------------------------------------

      Code (inc. data)   RO Data    RW Data    ZI Data      Debug   Library Name

      9858        654          0         96         16      31536   ATKFREC.lib
      2636         60         57          0         96       2864   c_w.l
      3694        260          0          0          0       3624   fz_wm.l
      9436       1002        672          0          0       4140   m_wm.l

    ----------------------------------------------------------------------
     25664       1980        734         96        112      42164   Library Totals

    ----------------------------------------------------------------------

==============================================================================


      Code (inc. data)   RO Data    RW Data    ZI Data      Debug   

     85426       5478      17058        588    1227908     883692   Grand Totals
     85426       5478      17058        156    1227908     883692   ELF Image Totals (compressed)
     85426       5478      17058        156          0          0   ROM Totals

==============================================================================

    Total RO  Size (Code + RO Data)               102484 ( 100.08kB)
    Total RW  Size (RW Data + ZI Data)           1228496 (1199.70kB)
    Total ROM Size (Code + RO Data + RW Data)     102640 ( 100.23kB)

==============================================================================

